Component: ARM Compiler 5.06 update 3 (build 300) Tool: armlink [4d35c9]

==============================================================================

Section Cross References

    startup_stm32l053xx.o(RESET) refers to startup_stm32l053xx.o(STACK) for __initial_sp
    startup_stm32l053xx.o(RESET) refers to startup_stm32l053xx.o(.text) for Reset_Handler
    startup_stm32l053xx.o(RESET) refers to stm32l0xx_it.o(i.NMI_Handler) for NMI_Handler
    startup_stm32l053xx.o(RESET) refers to stm32l0xx_it.o(i.HardFault_Handler) for HardFault_Handler
    startup_stm32l053xx.o(RESET) refers to stm32l0xx_it.o(i.SVC_Handler) for SVC_Handler
    startup_stm32l053xx.o(RESET) refers to stm32l0xx_it.o(i.PendSV_Handler) for PendSV_Handler
    startup_stm32l053xx.o(RESET) refers to stm32l0xx_it.o(i.SysTick_Handler) for SysTick_Handler
    startup_stm32l053xx.o(RESET) refers to stm32l0xx_it.o(i.RTC_IRQHandler) for RTC_IRQHandler
    startup_stm32l053xx.o(RESET) refers to stm32l0xx_it.o(i.EXTI2_3_IRQHandler) for EXTI2_3_IRQHandler
    startup_stm32l053xx.o(RESET) refers to stm32l0xx_it.o(i.EXTI4_15_IRQHandler) for EXTI4_15_IRQHandler
    startup_stm32l053xx.o(RESET) refers to stm32l0xx_it.o(i.DMA1_Channel2_3_IRQHandler) for DMA1_Channel2_3_IRQHandler
    startup_stm32l053xx.o(RESET) refers to stm32l0xx_it.o(i.DMA1_Channel4_5_6_7_IRQHandler) for DMA1_Channel4_5_6_7_IRQHandler
    startup_stm32l053xx.o(RESET) refers to stm32l0xx_it.o(i.TIM6_DAC_IRQHandler) for TIM6_DAC_IRQHandler
    startup_stm32l053xx.o(RESET) refers to stm32l0xx_it.o(i.USART1_IRQHandler) for USART1_IRQHandler
    startup_stm32l053xx.o(RESET) refers to stm32l0xx_it.o(i.USART2_IRQHandler) for USART2_IRQHandler
    startup_stm32l053xx.o(RESET) refers to stm32l0xx_it.o(i.RNG_LPUART1_IRQHandler) for RNG_LPUART1_IRQHandler
    startup_stm32l053xx.o(.text) refers to system_stm32l0xx.o(i.SystemInit) for SystemInit
    startup_stm32l053xx.o(.text) refers to entry.o(.ARM.Collect$$$$00000000) for __main
    stm32l0xx_hal_rtc.o(i.HAL_RTC_AlarmIRQHandler) refers to stm32l0xx_hal_rtc.o(i.HAL_RTC_AlarmAEventCallback) for HAL_RTC_AlarmAEventCallback
    stm32l0xx_hal_rtc.o(i.HAL_RTC_AlarmIRQHandler) refers to stm32l0xx_hal_rtc_ex.o(i.HAL_RTCEx_AlarmBEventCallback) for HAL_RTCEx_AlarmBEventCallback
    stm32l0xx_hal_rtc.o(i.HAL_RTC_DeInit) refers to stm32l0xx_hal_rtc.o(i.RTC_EnterInitMode) for RTC_EnterInitMode
    stm32l0xx_hal_rtc.o(i.HAL_RTC_DeInit) refers to stm32l0xx_hal.o(i.HAL_GetTick) for HAL_GetTick
    stm32l0xx_hal_rtc.o(i.HAL_RTC_DeInit) refers to stm32l0xx_hal_rtc.o(i.HAL_RTC_WaitForSynchro) for HAL_RTC_WaitForSynchro
    stm32l0xx_hal_rtc.o(i.HAL_RTC_DeInit) refers to rtc.o(i.HAL_RTC_MspDeInit) for HAL_RTC_MspDeInit
    stm32l0xx_hal_rtc.o(i.HAL_RTC_DeactivateAlarm) refers to stm32l0xx_hal.o(i.HAL_GetTick) for HAL_GetTick
    stm32l0xx_hal_rtc.o(i.HAL_RTC_GetAlarm) refers to stm32l0xx_hal_rtc.o(i.RTC_Bcd2ToByte) for RTC_Bcd2ToByte
    stm32l0xx_hal_rtc.o(i.HAL_RTC_GetDate) refers to stm32l0xx_hal_rtc.o(i.RTC_Bcd2ToByte) for RTC_Bcd2ToByte
    stm32l0xx_hal_rtc.o(i.HAL_RTC_GetTime) refers to stm32l0xx_hal_rtc.o(i.RTC_Bcd2ToByte) for RTC_Bcd2ToByte
    stm32l0xx_hal_rtc.o(i.HAL_RTC_Init) refers to rtc.o(i.HAL_RTC_MspInit) for HAL_RTC_MspInit
    stm32l0xx_hal_rtc.o(i.HAL_RTC_Init) refers to stm32l0xx_hal_rtc.o(i.RTC_EnterInitMode) for RTC_EnterInitMode
    stm32l0xx_hal_rtc.o(i.HAL_RTC_PollForAlarmAEvent) refers to stm32l0xx_hal.o(i.HAL_GetTick) for HAL_GetTick
    stm32l0xx_hal_rtc.o(i.HAL_RTC_SetAlarm) refers to stm32l0xx_hal_rtc.o(i.RTC_Bcd2ToByte) for RTC_Bcd2ToByte
    stm32l0xx_hal_rtc.o(i.HAL_RTC_SetAlarm) refers to stm32l0xx_hal.o(i.HAL_GetTick) for HAL_GetTick
    stm32l0xx_hal_rtc.o(i.HAL_RTC_SetAlarm) refers to stm32l0xx_hal_rtc.o(i.RTC_ByteToBcd2) for RTC_ByteToBcd2
    stm32l0xx_hal_rtc.o(i.HAL_RTC_SetAlarm_IT) refers to stm32l0xx_hal_rtc.o(i.RTC_Bcd2ToByte) for RTC_Bcd2ToByte
    stm32l0xx_hal_rtc.o(i.HAL_RTC_SetAlarm_IT) refers to stm32l0xx_hal.o(i.HAL_GetTick) for HAL_GetTick
    stm32l0xx_hal_rtc.o(i.HAL_RTC_SetAlarm_IT) refers to stm32l0xx_hal_rtc.o(i.RTC_ByteToBcd2) for RTC_ByteToBcd2
    stm32l0xx_hal_rtc.o(i.HAL_RTC_SetDate) refers to stm32l0xx_hal_rtc.o(i.RTC_Bcd2ToByte) for RTC_Bcd2ToByte
    stm32l0xx_hal_rtc.o(i.HAL_RTC_SetDate) refers to stm32l0xx_hal_rtc.o(i.RTC_ByteToBcd2) for RTC_ByteToBcd2
    stm32l0xx_hal_rtc.o(i.HAL_RTC_SetDate) refers to stm32l0xx_hal_rtc.o(i.RTC_EnterInitMode) for RTC_EnterInitMode
    stm32l0xx_hal_rtc.o(i.HAL_RTC_SetDate) refers to stm32l0xx_hal_rtc.o(i.HAL_RTC_WaitForSynchro) for HAL_RTC_WaitForSynchro
    stm32l0xx_hal_rtc.o(i.HAL_RTC_SetTime) refers to stm32l0xx_hal_rtc.o(i.RTC_Bcd2ToByte) for RTC_Bcd2ToByte
    stm32l0xx_hal_rtc.o(i.HAL_RTC_SetTime) refers to stm32l0xx_hal_rtc.o(i.RTC_ByteToBcd2) for RTC_ByteToBcd2
    stm32l0xx_hal_rtc.o(i.HAL_RTC_SetTime) refers to stm32l0xx_hal_rtc.o(i.RTC_EnterInitMode) for RTC_EnterInitMode
[...]
    _main_scatterload                        0x080000c5   Thumb Code     0  entry5.o(.ARM.Collect$$$$00000004)
    __main_after_scatterload                 0x080000c9   Thumb Code     0  entry5.o(.ARM.Collect$$$$00000004)
    _main_clock                              0x080000c9   Thumb Code     0  entry7b.o(.ARM.Collect$$$$00000008)
    _main_cpp_init                           0x080000c9   Thumb Code     0  entry8b.o(.ARM.Collect$$$$0000000A)
    _main_init                               0x080000c9   Thumb Code     0  entry9a.o(.ARM.Collect$$$$0000000B)
    __rt_final_cpp                           0x080000d1   Thumb Code     0  entry10a.o(.ARM.Collect$$$$0000000D)
    __rt_final_exit                          0x080000d1   Thumb Code     0  entry11a.o(.ARM.Collect$$$$0000000F)
    Reset_Handler                            0x080000d5   Thumb Code     8  startup_stm32l053xx.o(.text)
    ADC1_COMP_IRQHandler                     0x080000e7   Thumb Code     0  startup_stm32l053xx.o(.text)
    DMA1_Channel1_IRQHandler                 0x080000e7   Thumb Code     0  startup_stm32l053xx.o(.text)
    EXTI0_1_IRQHandler                       0x080000e7   Thumb Code     0  startup_stm32l053xx.o(.text)
    FLASH_IRQHandler                         0x080000e7   Thumb Code     0  startup_stm32l053xx.o(.text)
    I2C1_IRQHandler                          0x080000e7   Thumb Code     0  startup_stm32l053xx.o(.text)
    I2C2_IRQHandler                          0x080000e7   Thumb Code     0  startup_stm32l053xx.o(.text)
    LCD_IRQHandler                           0x080000e7   Thumb Code     0  startup_stm32l053xx.o(.text)
    LPTIM1_IRQHandler                        0x080000e7   Thumb Code     0  startup_stm32l053xx.o(.text)
    PVD_IRQHandler                           0x080000e7   Thumb Code     0  startup_stm32l053xx.o(.text)
    RCC_CRS_IRQHandler                       0x080000e7   Thumb Code     0  startup_stm32l053xx.o(.text)
    SPI1_IRQHandler                          0x080000e7   Thumb Code     0  startup_stm32l053xx.o(.text)
    SPI2_IRQHandler                          0x080000e7   Thumb Code     0  startup_stm32l053xx.o(.text)
    TIM21_IRQHandler                         0x080000e7   Thumb Code     0  startup_stm32l053xx.o(.text)
    TIM22_IRQHandler                         0x080000e7   Thumb Code     0  startup_stm32l053xx.o(.text)
    TIM2_IRQHandler                          0x080000e7   Thumb Code     0  startup_stm32l053xx.o(.text)
    TSC_IRQHandler                           0x080000e7   Thumb Code     0  startup_stm32l053xx.o(.text)
    USB_IRQHandler                           0x080000e7   Thumb Code     0  startup_stm32l053xx.o(.text)
    WWDG_IRQHandler                          0x080000e7   Thumb Code     0  startup_stm32l053xx.o(.text)
    __aeabi_uidiv                            0x080000f1   Thumb Code     0  uidiv.o(.text)
    __aeabi_uidivmod                         0x080000f1   Thumb Code    44  uidiv.o(.text)
    __aeabi_idiv                             0x0800011d   Thumb Code     0  idiv.o(.text)
    __aeabi_idivmod                          0x0800011d   Thumb Code    40  idiv.o(.text)
    __aeabi_memcpy                           0x08000145   Thumb Code    36  memcpya.o(.text)
    __aeabi_memcpy4                          0x08000145   Thumb Code     0  memcpya.o(.text)
    __aeabi_memcpy8                          0x08000145   Thumb Code     0  memcpya.o(.text)
    __aeabi_memset                           0x08000169   Thumb Code    14  memseta.o(.text)
    __aeabi_memset4                          0x08000169   Thumb Code     0  memseta.o(.text)
    __aeabi_memset8                          0x08000169   Thumb Code     0  memseta.o(.text)
    __aeabi_memclr                           0x08000177   Thumb Code     4  memseta.o(.text)
    __aeabi_memclr4                          0x08000177   Thumb Code     0  memseta.o(.text)
    __aeabi_memclr8                          0x08000177   Thumb Code     0  memseta.o(.text)
    _memset$wrapper                          0x0800017b   Thumb Code    18  memseta.o(.text)
    strcat                                   0x0800018d   Thumb Code    24  strcat.o(.text)
    strstr                                   0x080001a5   Thumb Code    40  strstr.o(.text)
    __aeabi_fadd                             0x080001cd   Thumb Code   162  fadd.o(.text)
    __aeabi_fsub                             0x0800026f   Thumb Code     8  fadd.o(.text)
    __aeabi_frsub                            0x08000277   Thumb Code     8  fadd.o(.text)
    __aeabi_fmul                             0x0800027f   Thumb Code   122  fmul.o(.text)
    __aeabi_fdiv                             0x080002f9   Thumb Code   124  fdiv.o(.text)
    __ARM_scalbnf                            0x08000375   Thumb Code    24  fscalb.o(.text)
    scalbnf                                  0x08000375   Thumb Code     0  fscalb.o(.text)
    __aeabi_dadd                             0x0800038d   Thumb Code   328  dadd.o(.text)
    __aeabi_dsub                             0x080004d5   Thumb Code    12  dadd.o(.text)
    __aeabi_drsub                            0x080004e1   Thumb Code    12  dadd.o(.text)
    __aeabi_dmul                             0x080004f1   Thumb Code   202  dmul.o(.text)
    __aeabi_ddiv                             0x080005c1   Thumb Code   234  ddiv.o(.text)
    __ARM_scalbn                             0x080006b1   Thumb Code    44  dscalb.o(.text)
    scalbn                                   0x080006b1   Thumb Code     0  dscalb.o(.text)
    __aeabi_i2f                              0x080006dd   Thumb Code    22  fflti.o(.text)
    __aeabi_ui2f                             0x080006f3   Thumb Code    14  ffltui.o(.text)
    __aeabi_i2d                              0x08000701   Thumb Code    34  dflti.o(.text)
    __aeabi_ui2d                             0x08000729   Thumb Code    24  dfltui.o(.text)
    __aeabi_ul2d                             0x08000745   Thumb Code    22  dfltul.o(.text)
    __aeabi_f2iz                             0x08000761   Thumb Code    50  ffixi.o(.text)
    __aeabi_f2uiz                            0x08000793   Thumb Code    40  ffixui.o(.text)
    __aeabi_d2iz                             0x080007bd   Thumb Code    62  dfixi.o(.text)
    __aeabi_d2uiz                            0x08000805   Thumb Code    50  dfixui.o(.text)
    __aeabi_f2d                              0x08000841   Thumb Code    40  f2d.o(.text)
    __aeabi_d2f                              0x08000869   Thumb Code    56  d2f.o(.text)
    __aeabi_uldivmod                         0x080008a1   Thumb Code    96  uldiv.o(.text)
    __aeabi_llsl                             0x08000901   Thumb Code    32  llshl.o(.text)
    _ll_shift_l                              0x08000901   Thumb Code     0  llshl.o(.text)
    __aeabi_llsr                             0x08000921   Thumb Code    34  llushr.o(.text)
    _ll_ushift_r                             0x08000921   Thumb Code     0  llushr.o(.text)
    __aeabi_lasr                             0x08000943   Thumb Code    38  llsshr.o(.text)
    _ll_sshift_r                             0x08000943   Thumb Code     0  llsshr.o(.text)
    __I$use$fp                               0x08000969   Thumb Code     0  iusefp.o(.text)
    _float_round                             0x08000969   Thumb Code    16  fepilogue.o(.text)
    _float_epilogue                          0x08000979   Thumb Code   114  fepilogue.o(.text)
    _double_round                            0x080009eb   Thumb Code    26  depilogue.o(.text)
    _double_epilogue                         0x08000a05   Thumb Code   164  depilogue.o(.text)
    _dsqrt                                   0x08000aa9   Thumb Code   162  dsqrt.o(.text)
    __aeabi_d2ulz                            0x08000b4d   Thumb Code    54  dfixul.o(.text)
    __aeabi_cdrcmple                         0x08000b8d   Thumb Code    38  cdrcmple.o(.text)
    __scatterload                            0x08000bb5   Thumb Code    28  init.o(.text)
    __scatterload_rt2                        0x08000bb5   Thumb Code     0  init.o(.text)
    __decompress                             0x08000bd9   Thumb Code     0  __dczerorl2.o(.text)
    __decompress1                            0x08000bd9   Thumb Code    86  __dczerorl2.o(.text)
    ADS_Read_XY                              0x08000c2f   Thumb Code    96  xpt2046.o(i.ADS_Read_XY)
    Busy_Gpio_exit                           0x08000c91   Thumb Code    62  gpio.o(i.Busy_Gpio_exit)
    CMD_Check                                0x08000cdd   Thumb Code   430  app.o(i.CMD_Check)
    Clear_LPUART1_IT                         0x08000f31   Thumb Code    22  usart.o(i.Clear_LPUART1_IT)
    Clear_UART1_IT                           0x08000f4d   Thumb Code    46  usart.o(i.Clear_UART1_IT)
    Clear_UART2_IT                           0x08000f85   Thumb Code    46  usart.o(i.Clear_UART2_IT)
    DEBUG_Printf                             0x08000fbd   Thumb Code    32  usart.o(i.DEBUG_Printf)
    DMA1_Channel2_3_IRQHandler               0x08000fdd   Thumb Code    10  stm32l0xx_it.o(i.DMA1_Channel2_3_IRQHandler)
    DMA1_Channel4_5_6_7_IRQHandler           0x08000fed   Thumb Code    10  stm32l0xx_it.o(i.DMA1_Channel4_5_6_7_IRQHandler)
    Delay_us                                 0x0800101b   Thumb Code    26  xpt2046.o(i.Delay_us)
    Draw_Circle                              0x08001035   Thumb Code   238  ili9341.o(i.Draw_Circle)
    Drow_Touch_Point                         0x08001123   Thumb Code   116  xpt2046.o(i.Drow_Touch_Point)
    EEPROM_WriteOneByte                      0x08001199   Thumb Code    34  app.o(i.EEPROM_WriteOneByte)
    ENV_Data_TO                              0x080011c5   Thumb Code   156  app.o(i.ENV_Data_TO)
    EXTI2_3_IRQHandler                       0x08001265   Thumb Code    10  stm32l0xx_it.o(i.EXTI2_3_IRQHandler)
    EXTI4_15_IRQHandler                      0x0800126f   Thumb Code    24  stm32l0xx_it.o(i.EXTI4_15_IRQHandler)
    Env_Send_Task                            0x08001289   Thumb Code   394  app.o(i.Env_Send_Task)
    Error_Handler                            0x08001665   Thumb Code     2  main.o(i.Error_Handler)
    FLASH_WaitForLastOperation               0x080016e1   Thumb Code   122  stm32l0xx_hal_flash.o(i.FLASH_WaitForLastOperation)
    GET_LoraNode_Info                        0x08001761   Thumb Code    96  lorawan.o(i.GET_LoraNode_Info)
    GPIOIntoSleep                            0x080017c1   Thumb Code   248  lowpower.o(i.GPIOIntoSleep)
    GPS_Analysis                             0x080018dd   Thumb Code    20  max7q.o(i.GPS_Analysis)
    GPS_Data_TO                              0x080018f1   Thumb Code   150  app.o(i.GPS_Data_TO)
    GPS_UpData                               0x08001999   Thumb Code   124  app.o(i.GPS_UpData)
    HAL_DMA_Abort                            0x08001a31   Thumb Code    76  stm32l0xx_hal_dma.o(i.HAL_DMA_Abort)
    HAL_DMA_IRQHandler                       0x08001a7d   Thumb Code   634  stm32l0xx_hal_dma.o(i.HAL_DMA_IRQHandler)
    HAL_DMA_Init                             0x08001cfd   Thumb Code   254  stm32l0xx_hal_dma.o(i.HAL_DMA_Init)
    HAL_DMA_Start_IT                         0x08001e05   Thumb Code    78  stm32l0xx_hal_dma.o(i.HAL_DMA_Start_IT)
    HAL_Delay                                0x08001e53   Thumb Code    22  stm32l0xx_hal.o(i.HAL_Delay)
    HAL_FLASHEx_DATAEEPROM_Lock              0x08001e69   Thumb Code    14  stm32l0xx_hal_flash_ex.o(i.HAL_FLASHEx_DATAEEPROM_Lock)
    HAL_FLASHEx_DATAEEPROM_Program           0x08001e7d   Thumb Code    76  stm32l0xx_hal_flash_ex.o(i.HAL_FLASHEx_DATAEEPROM_Program)
    HAL_FLASHEx_DATAEEPROM_Unlock            0x08001ed1   Thumb Code    24  stm32l0xx_hal_flash_ex.o(i.HAL_FLASHEx_DATAEEPROM_Unlock)
    HAL_GPIO_EXTI_Callback                   0x08001ef5   Thumb Code   346  key.o(i.HAL_GPIO_EXTI_Callback)
    HAL_GPIO_EXTI_IRQHandler                 0x08002081   Thumb Code    18  stm32l0xx_hal_gpio.o(i.HAL_GPIO_EXTI_IRQHandler)
    HAL_GPIO_Init                            0x08002099   Thumb Code   346  stm32l0xx_hal_gpio.o(i.HAL_GPIO_Init)
    HAL_GPIO_ReadPin                         0x08002211   Thumb Code    10  stm32l0xx_hal_gpio.o(i.HAL_GPIO_ReadPin)
    HAL_GPIO_WritePin                        0x0800221b   Thumb Code    12  stm32l0xx_hal_gpio.o(i.HAL_GPIO_WritePin)
    HAL_GetTick                              0x08002229   Thumb Code     6  stm32l0xx_hal.o(i.HAL_GetTick)
    HAL_I2CEx_ConfigAnalogFilter             0x08002235   Thumb Code    96  stm32l0xx_hal_i2c_ex.o(i.HAL_I2CEx_ConfigAnalogFilter)
    HAL_I2C_GetError                         0x08002295   Thumb Code     4  stm32l0xx_hal_i2c.o(i.HAL_I2C_GetError)
    HAL_I2C_GetState                         0x08002299   Thumb Code     6  stm32l0xx_hal_i2c.o(i.HAL_I2C_GetState)
    HAL_I2C_Init                             0x080022a1   Thumb Code   158  stm32l0xx_hal_i2c.o(i.HAL_I2C_Init)
    HAL_I2C_Master_Receive                   0x08002345   Thumb Code   222  stm32l0xx_hal_i2c.o(i.HAL_I2C_Master_Receive)
    HAL_I2C_Master_Transmit                  0x08002429   Thumb Code   222  stm32l0xx_hal_i2c.o(i.HAL_I2C_Master_Transmit)
    HAL_I2C_Mem_Read                         0x0800250d   Thumb Code   272  stm32l0xx_hal_i2c.o(i.HAL_I2C_Mem_Read)
    HAL_I2C_MspInit                          0x08002621   Thumb Code    54  i2c.o(i.HAL_I2C_MspInit)
    HAL_IncTick                              0x08002665   Thumb Code    10  stm32l0xx_hal.o(i.HAL_IncTick)
    HAL_Init                                 0x08002675   Thumb Code    26  stm32l0xx_hal.o(i.HAL_Init)
    HAL_InitTick                             0x08002695   Thumb Code    34  stm32l0xx_hal.o(i.HAL_InitTick)
    HAL_MspInit                              0x080026bd   Thumb Code    52  stm32l0xx_hal_msp.o(i.HAL_MspInit)
    HAL_NVIC_DisableIRQ                      0x080026f5   Thumb Code    14  stm32l0xx_hal_cortex.o(i.HAL_NVIC_DisableIRQ)
    HAL_NVIC_EnableIRQ                       0x08002709   Thumb Code    14  stm32l0xx_hal_cortex.o(i.HAL_NVIC_EnableIRQ)
    HAL_NVIC_SetPriority                     0x0800271d   Thumb Code     8  stm32l0xx_hal_cortex.o(i.HAL_NVIC_SetPriority)
    HAL_PWREx_EnableFastWakeUp               0x08002725   Thumb Code    12  stm32l0xx_hal_pwr_ex.o(i.HAL_PWREx_EnableFastWakeUp)
    HAL_PWREx_EnableUltraLowPower            0x08002735   Thumb Code    12  stm32l0xx_hal_pwr_ex.o(i.HAL_PWREx_EnableUltraLowPower)
    HAL_PWR_EnterSTOPMode                    0x08002745   Thumb Code    44  stm32l0xx_hal_pwr.o(i.HAL_PWR_EnterSTOPMode)
    HAL_RCCEx_PeriphCLKConfig                0x08002779   Thumb Code   370  stm32l0xx_hal_rcc_ex.o(i.HAL_RCCEx_PeriphCLKConfig)
    HAL_RCC_ClockConfig                      0x080028f9   Thumb Code   340  stm32l0xx_hal_rcc.o(i.HAL_RCC_ClockConfig)
    HAL_RCC_GetHCLKFreq                      0x08002a61   Thumb Code     6  stm32l0xx_hal_rcc.o(i.HAL_RCC_GetHCLKFreq)
    HAL_RCC_GetPCLK1Freq                     0x08002a6d   Thumb Code    20  stm32l0xx_hal_rcc.o(i.HAL_RCC_GetPCLK1Freq)
    HAL_RCC_GetPCLK2Freq                     0x08002a8d   Thumb Code    20  stm32l0xx_hal_rcc.o(i.HAL_RCC_GetPCLK2Freq)
    HAL_RCC_GetSysClockFreq                  0x08002aad   Thumb Code   108  stm32l0xx_hal_rcc.o(i.HAL_RCC_GetSysClockFreq)
    HAL_RCC_OscConfig                        0x08002b31   Thumb Code  1086  stm32l0xx_hal_rcc.o(i.HAL_RCC_OscConfig)
    HAL_RTCEx_SetWakeUpTimer_IT              0x08002f71   Thumb Code   238  stm32l0xx_hal_rtc_ex.o(i.HAL_RTCEx_SetWakeUpTimer_IT)
    HAL_RTCEx_WakeUpTimerEventCallback       0x08003069   Thumb Code    14  lowpower.o(i.HAL_RTCEx_WakeUpTimerEventCallback)
    HAL_RTCEx_WakeUpTimerIRQHandler          0x0800307d   Thumb Code    48  stm32l0xx_hal_rtc_ex.o(i.HAL_RTCEx_WakeUpTimerIRQHandler)
    HAL_RTC_Init                             0x080030b5   Thumb Code   160  stm32l0xx_hal_rtc.o(i.HAL_RTC_Init)
    HAL_RTC_MspInit                          0x08003159   Thumb Code    22  rtc.o(i.HAL_RTC_MspInit)
    HAL_RTC_SetDate                          0x08003179   Thumb Code   200  stm32l0xx_hal_rtc.o(i.HAL_RTC_SetDate)
    HAL_RTC_SetTime                          0x08003245   Thumb Code   234  stm32l0xx_hal_rtc.o(i.HAL_RTC_SetTime)
    HAL_RTC_WaitForSynchro                   0x08003335   Thumb Code    52  stm32l0xx_hal_rtc.o(i.HAL_RTC_WaitForSynchro)
    HAL_SPI_Init                             0x08003369   Thumb Code   132  stm32l0xx_hal_spi.o(i.HAL_SPI_Init)
    HAL_SPI_MspInit                          0x080033ed   Thumb Code    54  spi.o(i.HAL_SPI_MspInit)
    HAL_SPI_Transmit                         0x0800342d   Thumb Code   336  stm32l0xx_hal_spi.o(i.HAL_SPI_Transmit)
    HAL_SYSTICK_CLKSourceConfig              0x0800357d   Thumb Code    20  stm32l0xx_hal_cortex.o(i.HAL_SYSTICK_CLKSourceConfig)
    HAL_SYSTICK_Callback                     0x08003595   Thumb Code     2  stm32l0xx_hal_cortex.o(i.HAL_SYSTICK_Callback)
    HAL_SYSTICK_Config                       0x08003599   Thumb Code    38  stm32l0xx_hal_cortex.o(i.HAL_SYSTICK_Config)
    HAL_SYSTICK_IRQHandler                   0x080035c9   Thumb Code     8  stm32l0xx_hal_cortex.o(i.HAL_SYSTICK_IRQHandler)
    HAL_TIM_Base_Init                        0x080035d1   Thumb Code    52  stm32l0xx_hal_tim.o(i.HAL_TIM_Base_Init)
    HAL_TIM_Base_MspInit                     0x08003605   Thumb Code    30  stm32l0xx_hal_tim.o(i.HAL_TIM_Base_MspInit)
    HAL_TIM_Base_Start_IT                    0x08003629   Thumb Code    22  stm32l0xx_hal_tim.o(i.HAL_TIM_Base_Start_IT)
    HAL_TIM_IC_CaptureCallback               0x0800363f   Thumb Code     2  stm32l0xx_hal_tim.o(i.HAL_TIM_IC_CaptureCallback)
    HAL_TIM_IRQHandler                       0x08003641   Thumb Code   294  stm32l0xx_hal_tim.o(i.HAL_TIM_IRQHandler)
    HAL_TIM_OC_DelayElapsedCallback          0x08003767   Thumb Code     2  stm32l0xx_hal_tim.o(i.HAL_TIM_OC_DelayElapsedCallback)
    HAL_TIM_PWM_PulseFinishedCallback        0x08003769   Thumb Code     2  stm32l0xx_hal_tim.o(i.HAL_TIM_PWM_PulseFinishedCallback)
    HAL_TIM_PeriodElapsedCallback            0x0800376d   Thumb Code    70  main.o(i.HAL_TIM_PeriodElapsedCallback)
    HAL_TIM_TriggerCallback                  0x080037c1   Thumb Code     2  stm32l0xx_hal_tim.o(i.HAL_TIM_TriggerCallback)
    HAL_UARTEx_WakeupCallback                0x080037c3   Thumb Code     2  stm32l0xx_hal_uart_ex.o(i.HAL_UARTEx_WakeupCallback)
    HAL_UART_DMAStop                         0x080037c5   Thumb Code    56  stm32l0xx_hal_uart.o(i.HAL_UART_DMAStop)
    HAL_UART_ErrorCallback                   0x080037fd   Thumb Code     2  stm32l0xx_hal_uart.o(i.HAL_UART_ErrorCallback)
    HAL_UART_IRQHandler                      0x080037ff   Thumb Code   244  stm32l0xx_hal_uart.o(i.HAL_UART_IRQHandler)
    HAL_UART_Init                            0x080038f3   Thumb Code   104  stm32l0xx_hal_uart.o(i.HAL_UART_Init)
    HAL_UART_MspInit                         0x0800395d   Thumb Code   242  usart.o(i.HAL_UART_MspInit)
    HAL_UART_Receive_DMA                     0x08003a6d   Thumb Code   104  stm32l0xx_hal_uart.o(i.HAL_UART_Receive_DMA)
    HAL_UART_RxCpltCallback                  0x08003ae1   Thumb Code     2  stm32l0xx_hal_uart.o(i.HAL_UART_RxCpltCallback)
    HAL_UART_RxHalfCpltCallback              0x08003ae3   Thumb Code     2  stm32l0xx_hal_uart.o(i.HAL_UART_RxHalfCpltCallback)
    HAL_UART_TxCpltCallback                  0x08003ae5   Thumb Code     2  stm32l0xx_hal_uart.o(i.HAL_UART_TxCpltCallback)
    HDC1000_IO_Init                          0x08003ae9   Thumb Code    56  hdc1000.o(i.HDC1000_IO_Init)
    HDC1000_Init                             0x08003b2d   Thumb Code    58  hdc1000.o(i.HDC1000_Init)
    HDC1000_Read_Humidi                      0x08003bf5   Thumb Code    20  hdc1000.o(i.HDC1000_Read_Humidi)
    HDC1000_Read_Temper                      0x08003c09   Thumb Code    20  hdc1000.o(i.HDC1000_Read_Temper)
    HDC1000_Test                             0x08003c1d   Thumb Code    94  production_test.o(i.HDC1000_Test)
    HDC1000_Update                           0x08003cd9   Thumb Code   128  app.o(i.HDC1000_Update)
    HardFault_Handler                        0x08003ded   Thumb Code     2  stm32l0xx_it.o(i.HardFault_Handler)
    Hardware_Init                            0x08003def   Thumb Code    32  main.o(i.Hardware_Init)
    I2Cx_Init                                0x080040cd   Thumb Code    56  hdc1000.o(i.I2Cx_Init)
    ILI9341_INITIAL                          0x0800410d   Thumb Code   548  ili9341.o(i.ILI9341_INITIAL)
    Int2Str                                  0x08004331   Thumb Code    88  app.o(i.Int2Str)
    KEY_DO                                   0x0800438d   Thumb Code   116  key.o(i.KEY_DO)
    LCDOpenWindows                           0x08004401   Thumb Code   102  ili9341.o(i.LCDOpenWindows)
    LCD_APP_INIT_P2P                         0x08004469   Thumb Code   794  lcd_app.o(i.LCD_APP_INIT_P2P)
    LCD_APP_INIT_one                         0x08004801   Thumb Code   956  lcd_app.o(i.LCD_APP_INIT_one)
    LCD_APP_INIT_tre                         0x08004c15   Thumb Code   530  lcd_app.o(i.LCD_APP_INIT_tre)
    LCD_APP_INIT_two                         0x08004e91   Thumb Code   600  lcd_app.o(i.LCD_APP_INIT_two)
    LCD_APP_Mode                             0x0800516d   Thumb Code  1456  lcd_app.o(i.LCD_APP_Mode)
    LCD_Adjust                               0x0800574d   Thumb Code   200  lcd_app.o(i.LCD_Adjust)
    LCD_Clear                                0x08005851   Thumb Code    60  ili9341.o(i.LCD_Clear)
    LCD_DrawLine                             0x08005891   Thumb Code   158  ili9341.o(i.LCD_DrawLine)
    LCD_DrawPoint                            0x08005931   Thumb Code    56  ili9341.o(i.LCD_DrawPoint)
    LCD_DrawRectangle                        0x0800596d   Thumb Code    68  ili9341.o(i.LCD_DrawRectangle)
    LCD_Fill                                 0x080059b1   Thumb Code    68  ili9341.o(i.LCD_Fill)
    LCD_MODE1_do                             0x080059f9   Thumb Code  1924  lcd_app.o(i.LCD_MODE1_do)
    LCD_MODE2_do                             0x080061a1   Thumb Code   280  lcd_app.o(i.LCD_MODE2_do)
    LCD_MODE3_do                             0x080062f1   Thumb Code   150  lcd_app.o(i.LCD_MODE3_do)
    LCD_MODE4_do                             0x080063ad   Thumb Code  1150  lcd_app.o(i.LCD_MODE4_do)
    LCD_ShowChar                             0x08006839   Thumb Code    72  ili9341.o(i.LCD_ShowChar)
    LCD_ShowNum                              0x08006885   Thumb Code    98  ili9341.o(i.LCD_ShowNum)
    LCD_ShowString                           0x080068e9   Thumb Code    68  ili9341.o(i.LCD_ShowString)
    LCD_WriteCommand                         0x08006931   Thumb Code    60  ili9341.o(i.LCD_WriteCommand)
    LCD_WriteData                            0x08006975   Thumb Code    58  ili9341.o(i.LCD_WriteData)
    LCD_Write_Data                           0x080069b9   Thumb Code    18  ili9341.o(i.LCD_Write_Data)
    LCD_ili9341_DrawPicture                  0x080069cd   Thumb Code   188  ili9341.o(i.LCD_ili9341_DrawPicture)
    LORA_NODE_Test                           0x08006a91   Thumb Code    74  production_test.o(i.LORA_NODE_Test)
    LPUART1_GPIO_Init                        0x08006ae5   Thumb Code    56  gpio.o(i.LPUART1_GPIO_Init)
    LPUART1_SendByte                         0x08006b21   Thumb Code    12  usart.o(i.LPUART1_SendByte)
    LPUART1_SendString                       0x08006b31   Thumb Code    22  usart.o(i.LPUART1_SendString)
    LPUART1_UART_Init                        0x08006b4d   Thumb Code   102  usart.o(i.LPUART1_UART_Init)
    LPUART_CharReception_Callback            0x08006bbd   Thumb Code    14  lowpower.o(i.LPUART_CharReception_Callback)
    LPUsart1Receive_IDLE                     0x08006bd1   Thumb Code    46  usart.o(i.LPUsart1Receive_IDLE)
    LPUsart1SendData                         0x08006c09   Thumb Code    24  usart.o(i.LPUsart1SendData)
    LoRaNode_Go_To_Sleep                     0x08006c21   Thumb Code    30  lowpower.o(i.LoRaNode_Go_To_Sleep)
    LoRaNode_LowPower_Send                   0x08006c6d   Thumb Code   186  lorawan.o(i.LoRaNode_LowPower_Send)
    LoRaNode_Send_To_Sleep                   0x08006d35   Thumb Code    32  lowpower.o(i.LoRaNode_Send_To_Sleep)
    LoraNode_Delay                           0x08006d81   Thumb Code     8  lorawan.o(i.LoraNode_Delay)
    LoraNode_GPIO_Init                       0x08006d89   Thumb Code    66  lorawan.o(i.LoraNode_GPIO_Init)
    LoraNode_GetADR                          0x08006dd5   Thumb Code    72  lorawan.o(i.LoraNode_GetADR)
    LoraNode_GetAppEUI                       0x08006e35   Thumb Code   102  lorawan.o(i.LoraNode_GetAppEUI)
    LoraNode_GetAppKey                       0x08006ebd   Thumb Code   102  lorawan.o(i.LoraNode_GetAppKey)
    LoraNode_GetAppSKey                      0x08006f45   Thumb Code   104  lorawan.o(i.LoraNode_GetAppSKey)
    LoraNode_GetBAND                         0x08006fcd   Thumb Code    58  lorawan.o(i.LoraNode_GetBAND)
    LoraNode_GetConfirm                      0x08007021   Thumb Code    72  lorawan.o(i.LoraNode_GetConfirm)
    LoraNode_GetDevAddr                      0x08007089   Thumb Code   102  lorawan.o(i.LoraNode_GetDevAddr)
    LoraNode_GetDevEUI                       0x08007111   Thumb Code   132  lorawan.o(i.LoraNode_GetDevEUI)
    LoraNode_GetNBT                          0x080071b5   Thumb Code    58  lorawan.o(i.LoraNode_GetNBT)
    LoraNode_GetNetMode                      0x08007211   Thumb Code    72  lorawan.o(i.LoraNode_GetNetMode)
    LoraNode_GetNwkSKey                      0x08007271   Thumb Code   104  lorawan.o(i.LoraNode_GetNwkSKey)
    LoraNode_GetPOWER                        0x080072f9   Thumb Code   132  lorawan.o(i.LoraNode_GetPOWER)
    LoraNode_GetSF                           0x08007395   Thumb Code    58  lorawan.o(i.LoraNode_GetSF)
    LoraNode_GetSNR                          0x080073f1   Thumb Code   112  lorawan.o(i.LoraNode_GetSNR)
    LoraNode_GetState                        0x08007479   Thumb Code   348  lorawan.o(i.LoraNode_GetState)
    LoraNode_GetVER                          0x080075f5   Thumb Code    74  lorawan.o(i.LoraNode_GetVER)
    LoraNode_IO_State                        0x08007661   Thumb Code    12  lorawan.o(i.LoraNode_IO_State)
    LoraNode_Init_Mode                       0x08007671   Thumb Code    22  lorawan.o(i.LoraNode_Init_Mode)
    LoraNode_Mode_Set                        0x08007689   Thumb Code    28  lorawan.o(i.LoraNode_Mode_Set)
    LoraNode_Read                            0x080076a9   Thumb Code    44  lorawan.o(i.LoraNode_Read)
    LoraNode_STA_Check                       0x080076fd   Thumb Code   114  lorawan.o(i.LoraNode_STA_Check)
    LoraNode_Save                            0x0800778d   Thumb Code    56  lorawan.o(i.LoraNode_Save)
    LoraNode_SetADR                          0x080077d9   Thumb Code    86  lorawan.o(i.LoraNode_SetADR)
    LoraNode_SetBAND                         0x0800783d   Thumb Code    86  lorawan.o(i.LoraNode_SetBAND)
    LoraNode_SetCFM                          0x080078a1   Thumb Code    86  lorawan.o(i.LoraNode_SetCFM)
    LoraNode_SetDebug                        0x08007905   Thumb Code    88  lorawan.o(i.LoraNode_SetDebug)
    LoraNode_SetGPIO                         0x08007969   Thumb Code   120  lorawan.o(i.LoraNode_SetGPIO)
    LoraNode_SetMINI_RF                      0x080079ed   Thumb Code    88  lorawan.o(i.LoraNode_SetMINI_RF)
    LoraNode_SetNBT                          0x08007a51   Thumb Code    86  lorawan.o(i.LoraNode_SetNBT)
    LoraNode_SetNetMode                      0x08007ab5   Thumb Code    88  lorawan.o(i.LoraNode_SetNetMode)
    LoraNode_SetP2P                          0x08007b19   Thumb Code   326  lorawan.o(i.LoraNode_SetP2P)
    LoraNode_SetPOWER                        0x08007c71   Thumb Code    86  lorawan.o(i.LoraNode_SetPOWER)
    LoraNode_SetRADIO                        0x08007cd5   Thumb Code    72  lorawan.o(i.LoraNode_SetRADIO)
    LoraNode_SetSF                           0x08007d29   Thumb Code    86  lorawan.o(i.LoraNode_SetSF)
    LoraNode_Wake_Sleep                      0x08007d8d   Thumb Code    60  lorawan.o(i.LoraNode_Wake_Sleep)
    LoraNode_Write_Receive_Bytes             0x08007dcd   Thumb Code   174  lorawan.o(i.LoraNode_Write_Receive_Bytes)
    LowPower_Init                            0x08007e89   Thumb Code    58  lowpower.o(i.LowPower_Init)
    LowPower_Send_Task                       0x08007ecd   Thumb Code   520  app.o(i.LowPower_Send_Task)
    MMA8451IntoSleep                         0x0800838d   Thumb Code    18  mma8451.o(i.MMA8451IntoSleep)
    MMA8451_CalcAcceleration                 0x080083a1   Thumb Code    74  mma8451.o(i.MMA8451_CalcAcceleration)
    MMA8451_IO_Init                          0x080083fd   Thumb Code    58  mma8451.o(i.MMA8451_IO_Init)
    MMA8451_Init                             0x08008449   Thumb Code    94  mma8451.o(i.MMA8451_Init)
    MMA8451_ReadAcceleration                 0x080084a7   Thumb Code   200  mma8451.o(i.MMA8451_ReadAcceleration)
    MMA8451_Test                             0x080085c5   Thumb Code    90  production_test.o(i.MMA8451_Test)
    MMA8451_Upate                            0x08008675   Thumb Code    62  app.o(i.MMA8451_Upate)
    MPL3115IntoSleep                         0x0800872d   Thumb Code    90  mpl3115.o(i.MPL3115IntoSleep)
    MPL3115_IO_Init                          0x08008789   Thumb Code    56  mpl3115.o(i.MPL3115_IO_Init)
    MPL3115_Init                             0x080087d1   Thumb Code    18  mpl3115.o(i.MPL3115_Init)
    MPL3115_ReadPressure                     0x080087e3   Thumb Code    88  mpl3115.o(i.MPL3115_ReadPressure)
    MPL3115_ReadStatus                       0x0800883b   Thumb Code    20  mpl3115.o(i.MPL3115_ReadStatus)
    MPL3115_SetMode                          0x080088a5   Thumb Code   102  mpl3115.o(i.MPL3115_SetMode)
    MPL3115_Test                             0x0800890d   Thumb Code    56  production_test.o(i.MPL3115_Test)
    MPL3115_Update                           0x08008985   Thumb Code    54  app.o(i.MPL3115_Update)
    MX_DMA_Init                              0x08008a29   Thumb Code    52  dma.o(i.MX_DMA_Init)
    MX_GPIO_Init                             0x08008a61   Thumb Code   324  gpio.o(i.MX_GPIO_Init)
    MX_LPUART1_UART_Init                     0x08008bbd   Thumb Code     8  usart.o(i.MX_LPUART1_UART_Init)
    MX_RTC_Init                              0x08008bc5   Thumb Code   108  rtc.o(i.MX_RTC_Init)
    MX_SPI1_Init                             0x08008c39   Thumb Code    62  spi.o(i.MX_SPI1_Init)
    MX_USART1_UART_Init                      0x08008c81   Thumb Code    48  usart.o(i.MX_USART1_UART_Init)
    MX_USART2_UART_Init                      0x08008cb9   Thumb Code    48  usart.o(i.MX_USART2_UART_Init)
    NMEA_Comma_Pos                           0x08008cf1   Thumb Code    42  max7q.o(i.NMEA_Comma_Pos)
    NMEA_GPGGA_Analysis                      0x08008d1d   Thumb Code    82  max7q.o(i.NMEA_GPGGA_Analysis)
    NMEA_GPRMC_Analysis                      0x08008d79   Thumb Code   266  max7q.o(i.NMEA_GPRMC_Analysis)
    NMEA_Pow                                 0x08008e91   Thumb Code    20  max7q.o(i.NMEA_Pow)
    NMEA_Str2num                             0x08008ea5   Thumb Code   204  max7q.o(i.NMEA_Str2num)
    NMI_Handler                              0x08008f71   Thumb Code     2  stm32l0xx_it.o(i.NMI_Handler)
    OPT3001IntoSleep                         0x08008fb9   Thumb Code    20  opt3001.o(i.OPT3001IntoSleep)
    OPT3001_Get_Lux                          0x08008fcd   Thumb Code    52  opt3001.o(i.OPT3001_Get_Lux)
    OPT3001_IO_Init                          0x08009009   Thumb Code    58  opt3001.o(i.OPT3001_IO_Init)
    OPT3001_Init                             0x08009055   Thumb Code    70  opt3001.o(i.OPT3001_Init)
    OPT3001_Result                           0x08009115   Thumb Code    20  opt3001.o(i.OPT3001_Result)
    OPT3001_Update                           0x08009129   Thumb Code    40  app.o(i.OPT3001_Update)
    OPT3003_Test                             0x080091a5   Thumb Code   100  production_test.o(i.OPT3003_Test)
    PendSV_Handler                           0x08009255   Thumb Code     2  stm32l0xx_it.o(i.PendSV_Handler)
    PrepareLPUARTToStopMode                  0x08009259   Thumb Code    30  usart.o(i.PrepareLPUARTToStopMode)
    Printf_LoRaNode_Info                     0x0800927d   Thumb Code   310  lorawan.o(i.Printf_LoRaNode_Info)
    RNG_LPUART1_IRQHandler                   0x080094c9   Thumb Code   102  stm32l0xx_it.o(i.RNG_LPUART1_IRQHandler)
    RTC_Bcd2ToByte                           0x0800953d   Thumb Code    16  stm32l0xx_hal_rtc.o(i.RTC_Bcd2ToByte)
    RTC_ByteToBcd2                           0x0800954d   Thumb Code    22  stm32l0xx_hal_rtc.o(i.RTC_ByteToBcd2)
    RTC_EnterInitMode                        0x08009563   Thumb Code    56  stm32l0xx_hal_rtc.o(i.RTC_EnterInitMode)
    RTC_IRQHandler                           0x0800959d   Thumb Code    10  stm32l0xx_it.o(i.RTC_IRQHandler)
    Read_ADS                                 0x080095ad   Thumb Code    40  xpt2046.o(i.Read_ADS)
    Read_ADS2                                0x080095d5   Thumb Code   116  xpt2046.o(i.Read_ADS2)
    RecoveryClock                            0x08009649   Thumb Code   142  lowpower.o(i.RecoveryClock)
    SENSOR_Testing                           0x080096e1   Thumb Code    28  app.o(i.SENSOR_Testing)
    SVC_Handler                              0x080097af   Thumb Code     2  stm32l0xx_it.o(i.SVC_Handler)
    Set_RTC_WakeUp                           0x080097b1   Thumb Code    30  lowpower.o(i.Set_RTC_WakeUp)
    StrToHex                                 0x080097d5   Thumb Code    38  lorawan.o(i.StrToHex)
    StringCat                                0x080097fb   Thumb Code    40  app.o(i.StringCat)
    StringCat2                               0x08009823   Thumb Code    28  app.o(i.StringCat2)
    StringStr                                0x0800983f   Thumb Code    54  lorawan.o(i.StringStr)
    SysTick_Handler                          0x08009875   Thumb Code    12  stm32l0xx_it.o(i.SysTick_Handler)
    SystemClock_Config                       0x08009881   Thumb Code   148  main.o(i.SystemClock_Config)
    SystemInit                               0x0800991d   Thumb Code    66  system_stm32l0xx.o(i.SystemInit)
    SystemRecovery                           0x08009971   Thumb Code    60  lowpower.o(i.SystemRecovery)
    System_Task                              0x080099b1   Thumb Code   794  app.o(i.System_Task)
    TIM6_DAC_IRQHandler                      0x08009f59   Thumb Code    10  stm32l0xx_it.o(i.TIM6_DAC_IRQHandler)
    TIM_init_lcd                             0x08009fb9   Thumb Code    34  main.o(i.TIM_init_lcd)
    Test_task                                0x08009fe5   Thumb Code    24  production_test.o(i.Test_task)
    Time_Out_Break                           0x08009ffd   Thumb Code    56  app.o(i.Time_Out_Break)
    Touch_Adjust                             0x0800a039   Thumb Code   770  xpt2046.o(i.Touch_Adjust)
    Touch_Key                                0x0800a3c9   Thumb Code    72  lcd_app.o(i.Touch_Key)
    UART1_SendByte                           0x0800a419   Thumb Code    12  usart.o(i.UART1_SendByte)
    UART2_SendByte                           0x0800a429   Thumb Code    12  usart.o(i.UART2_SendByte)
    UART_AdvFeatureConfig                    0x0800a439   Thumb Code   202  stm32l0xx_hal_uart.o(i.UART_AdvFeatureConfig)
    UART_CheckIdleState                      0x0800a505   Thumb Code    82  stm32l0xx_hal_uart.o(i.UART_CheckIdleState)
    UART_SetConfig                           0x0800a641   Thumb Code   624  stm32l0xx_hal_uart.o(i.UART_SetConfig)
    UART_WaitOnFlagUntilTimeout              0x0800a947   Thumb Code   178  stm32l0xx_hal_uart.o(i.UART_WaitOnFlagUntilTimeout)
    USART1_IRQHandler                        0x0800a9f9   Thumb Code    14  stm32l0xx_it.o(i.USART1_IRQHandler)
    USART2_IRQHandler                        0x0800aa0d   Thumb Code    14  stm32l0xx_it.o(i.USART2_IRQHandler)
    USART2_SendString                        0x0800aa21   Thumb Code    22  usart.o(i.USART2_SendString)
    Usart1Receive_IDLE                       0x0800aa3d   Thumb Code    54  usart.o(i.Usart1Receive_IDLE)
    Usart1SendData                           0x0800aa7d   Thumb Code    24  usart.o(i.Usart1SendData)
    Usart2Receive_IDLE                       0x0800aa95   Thumb Code    54  usart.o(i.Usart2Receive_IDLE)
    Usart2SendData                           0x0800aad5   Thumb Code    24  usart.o(i.Usart2SendData)
    User_App                                 0x0800aaed   Thumb Code  4564  app.o(i.User_App)
    XPT2046_read                             0x0800bce9   Thumb Code   136  xpt2046.o(i.XPT2046_read)
    XPT2046_write                            0x0800bd75   Thumb Code    68  xpt2046.o(i.XPT2046_write)
    __0vsnprintf                             0x0800bdbd   Thumb Code    40  printfa.o(i.__0vsnprintf)
    __1vsnprintf                             0x0800bdbd   Thumb Code     0  printfa.o(i.__0vsnprintf)
    __2vsnprintf                             0x0800bdbd   Thumb Code     0  printfa.o(i.__0vsnprintf)
    __c89vsnprintf                           0x0800bdbd   Thumb Code     0  printfa.o(i.__0vsnprintf)
    vsnprintf                                0x0800bdbd   Thumb Code     0  printfa.o(i.__0vsnprintf)
    __ARM_clz                                0x0800bde9   Thumb Code    46  depilogue.o(i.__ARM_clz)
    __ARM_common_switch8                     0x0800be17   Thumb Code    26  stm32l0xx_hal_uart.o(i.__ARM_common_switch8)
    __scatterload_copy                       0x0800be31   Thumb Code    14  handlers.o(i.__scatterload_copy)
    __scatterload_null                       0x0800be3f   Thumb Code     2  handlers.o(i.__scatterload_null)
    __scatterload_zeroinit                   0x0800be41   Thumb Code    14  handlers.o(i.__scatterload_zeroinit)
    __set_errno                              0x0800be51   Thumb Code     6  errno.o(i.__set_errno)
    delay_10ms                               0x0800c71f   Thumb Code    24  ili9341.o(i.delay_10ms)
    get_debug_data                           0x0800c739   Thumb Code   486  app.o(i.get_debug_data)
    main                                     0x0800c97d   Thumb Code   164  main.o(i.main)
    mypow                                    0x0800ca2d   Thumb Code    20  ili9341.o(i.mypow)
    sqrt                                     0x0800ca41   Thumb Code    66  sqrt.o(i.sqrt)
    test_tt                                  0x0800ca89   Thumb Code    70  ili9341.o(i.test_tt)
    AHBPrescTable                            0x0800cad8   Data          16  system_stm32l0xx.o(.constdata)
    PLLMulTable                              0x0800cae8   Data           9  system_stm32l0xx.o(.constdata)
    APBPrescTable                            0x0800caf1   Data           8  system_stm32l0xx.o(.constdata)
    asc2_1608                                0x0800cce8   Data        1520  ili9341.o(.constdata)
    gImage_lsd                               0x0800d2d8   Data        2970  ili9341.o(.constdata)
    Region$$Table$$Base                      0x0800dff0   Number         0  anon$$obj.o(Region$$Table)
    Region$$Table$$Limit                     0x0800e010   Number         0  anon$$obj.o(Region$$Table)
    uwTick                                   0x20000000   Data           4  stm32l0xx_hal.o(.data)
    SystemCoreClock                          0x20000004   Data           4  system_stm32l0xx.o(.data)
    Light                                    0x2000000a   Data           1  main.o(.data)
    LCD_EN                                   0x2000000b   Data           1  main.o(.data)
    LoRa_Node_str                            0x20000010   Data           4  lorawan.o(.data)
    LoRa_Send_str                            0x20000014   Data           4  lorawan.o(.data)
    appEui                                   0x20000019   Data          24  lorawan.o(.data)
    appKey                                   0x20000031   Data          48  lorawan.o(.data)
    appSKey                                  0x20000061   Data          48  lorawan.o(.data)
    nwkSKey                                  0x20000091   Data          48  lorawan.o(.data)
    Gps_DISGLL                               0x2000011b   Data          16  max7q.o(.data)
    Gps_DISGSA                               0x2000012b   Data          16  max7q.o(.data)
    Gps_DISGSV                               0x2000013b   Data          16  max7q.o(.data)
    Gps_DISVTG                               0x2000014b   Data          16  max7q.o(.data)
    Gps_STOP                                 0x2000015b   Data          12  max7q.o(.data)
    Gps_START                                0x20000167   Data          12  max7q.o(.data)
    TimeOut_Sign                             0x20000174   Data           1  app.o(.data)
    KFB_B_EN                                 0x20000175   Data           1  app.o(.data)
    Device_Sate                              0x20000176   Data           1  app.o(.data)
    GPS_sate                                 0x20000177   Data           1  app.o(.data)
    Test_len                                 0x20000178   Data           1  app.o(.data)
    Test_ON                                  0x20000179   Data           1  app.o(.data)
    P2P_lenth                                0x2000017a   Data           1  app.o(.data)
    GPS_Data_str                             0x20000184   Data           4  app.o(.data)
    Sensor_Data_str                          0x20000188   Data           4  app.o(.data)
    Debug_Data_str                           0x2000018c   Data           4  app.o(.data)
    RX_SUM                                   0x20000190   Data           4  app.o(.data)
    TX_SUM                                   0x20000194   Data           4  app.o(.data)
    RX_BB                                    0x20000198   Data           4  app.o(.data)
    TX_BB                                    0x2000019c   Data           4  app.o(.data)
    EV_Send_Time                             0x200001a0   Data           4  app.o(.data)
    GPS_Send_Time                            0x200001a4   Data           4  app.o(.data)
    send_num                                 0x200001a8   Data           4  app.o(.data)
    send_ok                                  0x200001ac   Data           4  app.o(.data)
    send_shuf                                0x200001b0   Data           4  app.o(.data)
    Debug_shuf                               0x200001b4   Data           4  app.o(.data)
    P2P_TEST                                 0x200001d8   Data           8  app.o(.data)
    P2P_rece                                 0x200001e0   Data           8  app.o(.data)
    Send_Sate_Sign                           0x200001e8   Data           1  app.o(.data)
    Device_Sate_str                          0x200001ec   Data           4  app.o(.data)
    App_Key_str                              0x200001f0   Data           4  key.o(.data)
    App_Key                                  0x200001f4   Data           8  key.o(.data)
    Error_num                                0x200001fc   Data           1  production_test.o(.data)
    Lcd_mode                                 0x20000200   Data           1  lcd_app.o(.data)
    Daiji_Time                               0x20000208   Data           4  lcd_app.o(.data)
    DAIJI_EN                                 0x2000020c   Data           4  lcd_app.o(.data)
    ProcFlash                                0x20000220   Data          24  stm32l0xx_hal_flash.o(.bss)
    Usart2_RX                                0x20000238   Data        1028  usart.o(.bss)
    Usart1_RX                                0x2000063c   Data        1028  usart.o(.bss)
    LPUsart1_RX                              0x20000a40   Data        1028  usart.o(.bss)
    hlpuart1                                 0x20000e44   Data         112  usart.o(.bss)
    huart1                                   0x20000eb4   Data         112  usart.o(.bss)
    huart2                                   0x20000f24   Data         112  usart.o(.bss)
    hdma_usart1_rx                           0x20000f94   Data          60  usart.o(.bss)
    hdma_usart2_rx                           0x20000fd0   Data          60  usart.o(.bss)
    hrtc                                     0x2000100c   Data          36  rtc.o(.bss)
    TimHandle                                0x20001230   Data          56  main.o(.bss)
    hdc1000                                  0x20001268   Data          60  hdc1000.o(.bss)
    DEVEUI                                   0x200012a4   Data          17  lorawan.o(.bss)
    AT_Data_buf                              0x200012b5   Data         256  lorawan.o(.bss)
    LoRa_Node                                0x200013b6   Data         100  lorawan.o(.bss)
    LoRa_Send                                0x2000141c   Data          12  lorawan.o(.bss)
    mma8451                                  0x20001428   Data          60  mma8451.o(.bss)
    mpl3115                                  0x20001464   Data          60  mpl3115.o(.bss)
    opt3001                                  0x200014a0   Data          60  opt3001.o(.bss)
    SS_Data                                  0x200014dc   Data          32  app.o(.bss)
    Test_Data                                0x200014fc   Data          64  app.o(.bss)
    GPS_Data                                 0x2000153c   Data          32  app.o(.bss)
    Sensor_Data                              0x2000155c   Data          36  app.o(.bss)
    Debug_Data                               0x20001580   Data         100  app.o(.bss)
    Pen_Point                                0x200015e4   Data          24  xpt2046.o(.bss)
    hspi1                                    0x200015fc   Data          88  spi.o(.bss)
    __initial_sp                             0x20001a58   Data           0  startup_stm32l053xx.o(STACK)



==============================================================================

Memory Map of the image

  Image Entry point : 0x080000c1

  Load Region LR_IROM1 (Base: 0x08000000, Size: 0x0000e230, Max: 0x00010000, ABSOLUTE, COMPRESSED[0x0000e0e8])

    Execution Region ER_IROM1 (Base: 0x08000000, Size: 0x0000e010, Max: 0x00010000, ABSOLUTE)

    Base Addr    Size         Type   Attr      Idx    E Section Name        Object

    0x08000000   0x000000c0   Data   RO            3    RESET               startup_stm32l053xx.o
    0x080000c0   0x00000000   Code   RO         4980  * .ARM.Collect$$$$00000000  mc_p.l(entry.o)
    0x080000c0   0x00000004   Code   RO         5063    .ARM.Collect$$$$00000001  mc_p.l(entry2.o)
    0x080000c4   0x00000004   Code   RO         5066    .ARM.Collect$$$$00000004  mc_p.l(entry5.o)
    0x080000c8   0x00000000   Code   RO         5068    .ARM.Collect$$$$00000008  mc_p.l(entry7b.o)
    0x080000c8   0x00000000   Code   RO         5070    .ARM.Collect$$$$0000000A  mc_p.l(entry8b.o)
    0x080000c8   0x00000008   Code   RO         5071    .ARM.Collect$$$$0000000B  mc_p.l(entry9a.o)
    0x080000d0   0x00000000   Code   RO         5073    .ARM.Collect$$$$0000000D  mc_p.l(entry10a.o)
    0x080000d0   0x00000000   Code   RO         5075    .ARM.Collect$$$$0000000F  mc_p.l(entry11a.o)
    0x080000d0   0x00000004   Code   RO         5064    .ARM.Collect$$$$00002712  mc_p.l(entry2.o)
    0x080000d4   0x0000001c   Code   RO            4    .text               startup_stm32l053xx.o
    0x080000f0   0x0000002c   Code   RO         4983    .text               mc_p.l(uidiv.o)
    0x0800011c   0x00000028   Code   RO         4985    .text               mc_p.l(idiv.o)
    0x08000144   0x00000024   Code   RO         4987    .text               mc_p.l(memcpya.o)
    0x08000168   0x00000024   Code   RO         4989    .text               mc_p.l(memseta.o)
    0x0800018c   0x00000018   Code   RO         4991    .text               mc_p.l(strcat.o)
    0x080001a4   0x00000028   Code   RO         4993    .text               mc_p.l(strstr.o)
    0x080001cc   0x000000b2   Code   RO         5025    .text               mf_p.l(fadd.o)
    0x0800027e   0x0000007a   Code   RO         5027    .text               mf_p.l(fmul.o)
    0x080002f8   0x0000007c   Code   RO         5029    .text               mf_p.l(fdiv.o)
    0x08000374   0x00000018   Code   RO         5031    .text               mf_p.l(fscalb.o)
    0x0800038c   0x00000164   Code   RO         5033    .text               mf_p.l(dadd.o)
    0x080004f0   0x000000d0   Code   RO         5035    .text               mf_p.l(dmul.o)
    0x080005c0   0x000000f0   Code   RO         5037    .text               mf_p.l(ddiv.o)
    0x080006b0   0x0000002c   Code   RO         5039    .text               mf_p.l(dscalb.o)
    0x080006dc   0x00000016   Code   RO         5041    .text               mf_p.l(fflti.o)
    0x080006f2   0x0000000e   Code   RO         5043    .text               mf_p.l(ffltui.o)
    0x08000700   0x00000028   Code   RO         5045    .text               mf_p.l(dflti.o)
    0x08000728   0x0000001c   Code   RO         5047    .text               mf_p.l(dfltui.o)
    0x08000744   0x0000001c   Code   RO         5049    .text               mf_p.l(dfltul.o)
    0x08000760   0x00000032   Code   RO         5051    .text               mf_p.l(ffixi.o)
    0x08000792   0x00000028   Code   RO         5053    .text               mf_p.l(ffixui.o)
    0x080007ba   0x00000002   PAD
    0x080007bc   0x00000048   Code   RO         5055    .text               mf_p.l(dfixi.o)
    0x08000804   0x0000003c   Code   RO         5057    .text               mf_p.l(dfixui.o)
    0x08000840   0x00000028   Code   RO         5059    .text               mf_p.l(f2d.o)
    0x08000868   0x00000038   Code   RO         5061    .text               mf_p.l(d2f.o)
    0x080008a0   0x00000060   Code   RO         5080    .text               mc_p.l(uldiv.o)
    0x08000900   0x00000020   Code   RO         5082    .text               mc_p.l(llshl.o)
    0x08000920   0x00000022   Code   RO         5084    .text               mc_p.l(llushr.o)
    0x08000942   0x00000026   Code   RO         5086    .text               mc_p.l(llsshr.o)
    0x08000968   0x00000000   Code   RO         5095    .text               mc_p.l(iusefp.o)
    0x08000968   0x00000082   Code   RO         5096    .text               mf_p.l(fepilogue.o)
    0x080009ea   0x000000be   Code   RO         5098    .text               mf_p.l(depilogue.o)
    0x08000aa8   0x000000a2   Code   RO         5102    .text               mf_p.l(dsqrt.o)
    0x08000b4a   0x00000002   PAD
    0x08000b4c   0x00000040   Code   RO         5104    .text               mf_p.l(dfixul.o)
    0x08000b8c   0x00000028   Code   RO         5108    .text               mf_p.l(cdrcmple.o)
    0x08000bb4   0x00000024   Code   RO         5110    .text               mc_p.l(init.o)
    0x08000bd8   0x00000056   Code   RO         5122    .text               mc_p.l(__dczerorl2.o)
    0x08000c2e   0x00000060   Code   RO         4863    i.ADS_Read_XY       xpt2046.o
    0x08000c8e   0x00000002   PAD
    0x08000c90   0x0000004c   Code   RO         3476    i.Busy_Gpio_exit    gpio.o
    0x08000cdc   0x00000254   Code   RO         4344    i.CMD_Check         app.o
    0x08000f30   0x0000001c   Code   RO         3078    i.Clear_LPUART1_IT  usart.o
    0x08000f4c   0x00000038   Code   RO         3079    i.Clear_UART1_IT    usart.o
    0x08000f84   0x00000038   Code   RO         3080    i.Clear_UART2_IT    usart.o
    0x08000fbc   0x00000020   Code   RO         3081    i.DEBUG_Printf      usart.o
    0x08000fdc   0x00000010   Code   RO         3342    i.DMA1_Channel2_3_IRQHandler  stm32l0xx_it.o
    0x08000fec   0x00000010   Code   RO         3343    i.DMA1_Channel4_5_6_7_IRQHandler  stm32l0xx_it.o
    0x08000ffc   0x0000001e   Code   RO         1321    i.DMA_SetConfig     stm32l0xx_hal_dma.o
    0x0800101a   0x0000001a   Code   RO         4864    i.Delay_us          xpt2046.o
    0x08001034   0x000000ee   Code   RO         4730    i.Draw_Circle       ili9341.o
    0x08001122   0x00000074   Code   RO         4865    i.Drow_Touch_Point  xpt2046.o
    0x08001196   0x00000002   PAD
    0x08001198   0x0000002c   Code   RO         4345    i.EEPROM_WriteOneByte  app.o
    0x080011c4   0x000000a0   Code   RO         4346    i.ENV_Data_TO       app.o
    0x08001264   0x0000000a   Code   RO         3344    i.EXTI2_3_IRQHandler  stm32l0xx_it.o
    0x0800126e   0x00000018   Code   RO         3345    i.EXTI4_15_IRQHandler  stm32l0xx_it.o
    0x08001286   0x00000002   PAD
    0x08001288   0x000003dc   Code   RO         4347    i.Env_Send_Task     app.o
    0x08001664   0x00000002   Code   RO         3508    i.Error_Handler     main.o
    0x08001666   0x00000002   PAD
    0x08001668   0x00000078   Code   RO          799    i.FLASH_SetErrorCode  stm32l0xx_hal_flash.o
    0x080016e0   0x00000080   Code   RO          800    i.FLASH_WaitForLastOperation  stm32l0xx_hal_flash.o
    0x08001760   0x00000060   Code   RO         3684    i.GET_LoraNode_Info  lorawan.o
    0x080017c0   0x0000011c   Code   RO         4519    i.GPIOIntoSleep     lowpower.o
    0x080018dc   0x00000014   Code   RO         4029    i.GPS_Analysis      max7q.o
    0x080018f0   0x000000a8   Code   RO         4348    i.GPS_Data_TO       app.o
    0x08001998   0x00000098   Code   RO         4349    i.GPS_UpData        app.o
    0x08001a30   0x0000004c   Code   RO         1322    i.HAL_DMA_Abort     stm32l0xx_hal_dma.o
    0x08001a7c   0x00000280   Code   RO         1326    i.HAL_DMA_IRQHandler  stm32l0xx_hal_dma.o
    0x08001cfc   0x00000108   Code   RO         1327    i.HAL_DMA_Init      stm32l0xx_hal_dma.o
    0x08001e04   0x0000004e   Code   RO         1330    i.HAL_DMA_Start_IT  stm32l0xx_hal_dma.o
    0x08001e52   0x00000016   Code   RO          438    i.HAL_Delay         stm32l0xx_hal.o
    0x08001e68   0x00000014   Code   RO         1008    i.HAL_FLASHEx_DATAEEPROM_Lock  stm32l0xx_hal_flash_ex.o
    0x08001e7c   0x00000054   Code   RO         1009    i.HAL_FLASHEx_DATAEEPROM_Program  stm32l0xx_hal_flash_ex.o
    0x08001ed0   0x00000024   Code   RO         1010    i.HAL_FLASHEx_DATAEEPROM_Unlock  stm32l0xx_hal_flash_ex.o
    0x08001ef4   0x0000018c   Code   RO         4486    i.HAL_GPIO_EXTI_Callback  key.o
    0x08002080   0x00000018   Code   RO          598    i.HAL_GPIO_EXTI_IRQHandler  stm32l0xx_hal_gpio.o
    0x08002098   0x00000178   Code   RO          599    i.HAL_GPIO_Init     stm32l0xx_hal_gpio.o
    0x08002210   0x0000000a   Code   RO          601    i.HAL_GPIO_ReadPin  stm32l0xx_hal_gpio.o
    0x0800221a   0x0000000c   Code   RO          603    i.HAL_GPIO_WritePin  stm32l0xx_hal_gpio.o
    0x08002226   0x00000002   PAD
    0x08002228   0x0000000c   Code   RO          442    i.HAL_GetTick       stm32l0xx_hal.o
    0x08002234   0x00000060   Code   RO         1699    i.HAL_I2CEx_ConfigAnalogFilter  stm32l0xx_hal_i2c_ex.o
    0x08002294   0x00000004   Code   RO         2376    i.HAL_I2C_GetError  stm32l0xx_hal_i2c.o
    0x08002298   0x00000006   Code   RO         2377    i.HAL_I2C_GetState  stm32l0xx_hal_i2c.o
    0x0800229e   0x00000002   PAD
    0x080022a0   0x000000a4   Code   RO         2378    i.HAL_I2C_Init      stm32l0xx_hal_i2c.o
    0x08002344   0x000000e4   Code   RO         2382    i.HAL_I2C_Master_Receive  stm32l0xx_hal_i2c.o
    0x08002428   0x000000e4   Code   RO         2385    i.HAL_I2C_Master_Transmit  stm32l0xx_hal_i2c.o
    0x0800250c   0x00000114   Code   RO         2390    i.HAL_I2C_Mem_Read  stm32l0xx_hal_i2c.o
    0x08002620   0x00000044   Code   RO         3267    i.HAL_I2C_MspInit   i2c.o
    0x08002664   0x00000010   Code   RO          443    i.HAL_IncTick       stm32l0xx_hal.o
    0x08002674   0x00000020   Code   RO          444    i.HAL_Init          stm32l0xx_hal.o
    0x08002694   0x00000028   Code   RO          445    i.HAL_InitTick      stm32l0xx_hal.o
    0x080026bc   0x00000038   Code   RO         3246    i.HAL_MspInit       stm32l0xx_hal_msp.o
    0x080026f4   0x00000014   Code   RO          903    i.HAL_NVIC_DisableIRQ  stm32l0xx_hal_cortex.o
    0x08002708   0x00000014   Code   RO          904    i.HAL_NVIC_EnableIRQ  stm32l0xx_hal_cortex.o
    0x0800271c   0x00000008   Code   RO          908    i.HAL_NVIC_SetPriority  stm32l0xx_hal_cortex.o
    0x08002724   0x00000010   Code   RO         1652    i.HAL_PWREx_EnableFastWakeUp  stm32l0xx_hal_pwr_ex.o
    0x08002734   0x00000010   Code   RO         1654    i.HAL_PWREx_EnableUltraLowPower  stm32l0xx_hal_pwr_ex.o
    0x08002744   0x00000034   Code   RO          265    i.HAL_PWR_EnterSTOPMode  stm32l0xx_hal_pwr.o
    0x08002778   0x00000180   Code   RO         2724    i.HAL_RCCEx_PeriphCLKConfig  stm32l0xx_hal_rcc_ex.o
    0x080028f8   0x00000168   Code   RO          659    i.HAL_RCC_ClockConfig  stm32l0xx_hal_rcc.o
    0x08002a60   0x0000000c   Code   RO          663    i.HAL_RCC_GetHCLKFreq  stm32l0xx_hal_rcc.o
    0x08002a6c   0x00000020   Code   RO          665    i.HAL_RCC_GetPCLK1Freq  stm32l0xx_hal_rcc.o
    0x08002a8c   0x00000020   Code   RO          666    i.HAL_RCC_GetPCLK2Freq  stm32l0xx_hal_rcc.o
    0x08002aac   0x00000084   Code   RO          667    i.HAL_RCC_GetSysClockFreq  stm32l0xx_hal_rcc.o
    0x08002b30   0x0000043e   Code   RO          670    i.HAL_RCC_OscConfig  stm32l0xx_hal_rcc.o
    0x08002f6e   0x00000002   PAD
    0x08002f70   0x000000f8   Code   RO         1135    i.HAL_RTCEx_SetWakeUpTimer_IT  stm32l0xx_hal_rtc_ex.o
    0x08003068   0x00000014   Code   RO         4520    i.HAL_RTCEx_WakeUpTimerEventCallback  lowpower.o
    0x0800307c   0x00000038   Code   RO         1141    i.HAL_RTCEx_WakeUpTimerIRQHandler  stm32l0xx_hal_rtc_ex.o
    0x080030b4   0x000000a4   Code   RO           20    i.HAL_RTC_Init      stm32l0xx_hal_rtc.o
    0x08003158   0x00000020   Code   RO         3305    i.HAL_RTC_MspInit   rtc.o
    0x08003178   0x000000cc   Code   RO           26    i.HAL_RTC_SetDate   stm32l0xx_hal_rtc.o
    0x08003244   0x000000f0   Code   RO           27    i.HAL_RTC_SetTime   stm32l0xx_hal_rtc.o
    0x08003334   0x00000034   Code   RO           28    i.HAL_RTC_WaitForSynchro  stm32l0xx_hal_rtc.o
    0x08003368   0x00000084   Code   RO         2817    i.HAL_SPI_Init      stm32l0xx_hal_spi.o
    0x080033ec   0x00000040   Code   RO         4937    i.HAL_SPI_MspInit   spi.o
    0x0800342c   0x00000150   Code   RO         2825    i.HAL_SPI_Transmit  stm32l0xx_hal_spi.o
    0x0800357c   0x00000018   Code   RO          910    i.HAL_SYSTICK_CLKSourceConfig  stm32l0xx_hal_cortex.o
    0x08003594   0x00000002   Code   RO          911    i.HAL_SYSTICK_Callback  stm32l0xx_hal_cortex.o
    0x08003596   0x00000002   PAD
    0x08003598   0x00000030   Code   RO          912    i.HAL_SYSTICK_Config  stm32l0xx_hal_cortex.o
    0x080035c8   0x00000008   Code   RO          913    i.HAL_SYSTICK_IRQHandler  stm32l0xx_hal_cortex.o
    0x080035d0   0x00000034   Code   RO         1751    i.HAL_TIM_Base_Init  stm32l0xx_hal_tim.o
    0x08003604   0x00000024   Code   RO         1753    i.HAL_TIM_Base_MspInit  stm32l0xx_hal_tim.o
    0x08003628   0x00000016   Code   RO         1756    i.HAL_TIM_Base_Start_IT  stm32l0xx_hal_tim.o
    0x0800363e   0x00000002   Code   RO         1780    i.HAL_TIM_IC_CaptureCallback  stm32l0xx_hal_tim.o
    0x08003640   0x00000126   Code   RO         1793    i.HAL_TIM_IRQHandler  stm32l0xx_hal_tim.o
    0x08003766   0x00000002   Code   RO         1796    i.HAL_TIM_OC_DelayElapsedCallback  stm32l0xx_hal_tim.o
    0x08003768   0x00000002   Code   RO         1823    i.HAL_TIM_PWM_PulseFinishedCallback  stm32l0xx_hal_tim.o
    0x0800376a   0x00000002   PAD
    0x0800376c   0x00000054   Code   RO         3509    i.HAL_TIM_PeriodElapsedCallback  main.o
    0x080037c0   0x00000002   Code   RO         1834    i.HAL_TIM_TriggerCallback  stm32l0xx_hal_tim.o
    0x080037c2   0x00000002   Code   RO          374    i.HAL_UARTEx_WakeupCallback  stm32l0xx_hal_uart_ex.o
    0x080037c4   0x00000038   Code   RO         1405    i.HAL_UART_DMAStop  stm32l0xx_hal_uart.o
    0x080037fc   0x00000002   Code   RO         1407    i.HAL_UART_ErrorCallback  stm32l0xx_hal_uart.o
    0x080037fe   0x000000f4   Code   RO         1410    i.HAL_UART_IRQHandler  stm32l0xx_hal_uart.o
    0x080038f2   0x00000068   Code   RO         1411    i.HAL_UART_Init     stm32l0xx_hal_uart.o
    0x0800395a   0x00000002   PAD
    0x0800395c   0x00000110   Code   RO         3083    i.HAL_UART_MspInit  usart.o
    0x08003a6c   0x00000074   Code   RO         1415    i.HAL_UART_Receive_DMA  stm32l0xx_hal_uart.o
    0x08003ae0   0x00000002   Code   RO         1417    i.HAL_UART_RxCpltCallback  stm32l0xx_hal_uart.o
    0x08003ae2   0x00000002   Code   RO         1418    i.HAL_UART_RxHalfCpltCallback  stm32l0xx_hal_uart.o
    0x08003ae4   0x00000002   Code   RO         1422    i.HAL_UART_TxCpltCallback  stm32l0xx_hal_uart.o
    0x08003ae6   0x00000002   PAD
    0x08003ae8   0x00000044   Code   RO         3601    i.HDC1000_IO_Init   hdc1000.o
    0x08003b2c   0x00000040   Code   RO         3602    i.HDC1000_Init      hdc1000.o
    0x08003b6c   0x00000088   Code   RO         3603    i.HDC1000_Read_Buffer  hdc1000.o
    0x08003bf4   0x00000014   Code   RO         3606    i.HDC1000_Read_Humidi  hdc1000.o
    0x08003c08   0x00000014   Code   RO         3608    i.HDC1000_Read_Temper  hdc1000.o
    0x08003c1c   0x000000bc   Code   RO         4588    i.HDC1000_Test      production_test.o
    0x08003cd8   0x000000bc   Code   RO         4350    i.HDC1000_Update    app.o
    0x08003d94   0x00000058   Code   RO         3609    i.HDC1000_Write_Buffer  hdc1000.o
    0x08003dec   0x00000002   Code   RO         3346    i.HardFault_Handler  stm32l0xx_it.o
    0x08003dee   0x00000020   Code   RO         3510    i.Hardware_Init     main.o
    0x08003e0e   0x00000002   PAD
    0x08003e10   0x000000a0   Code   RO         2413    i.I2C_IsAcknowledgeFailed  stm32l0xx_hal_i2c.o
    0x08003eb0   0x00000064   Code   RO         2416    i.I2C_RequestMemoryRead  stm32l0xx_hal_i2c.o
    0x08003f14   0x00000024   Code   RO         2420    i.I2C_TransferConfig  stm32l0xx_hal_i2c.o
    0x08003f38   0x00000070   Code   RO         2421    i.I2C_WaitOnFlagUntilTimeout  stm32l0xx_hal_i2c.o
    0x08003fa8   0x00000080   Code   RO         2422    i.I2C_WaitOnRXNEFlagUntilTimeout  stm32l0xx_hal_i2c.o
    0x08004028   0x00000050   Code   RO         2423    i.I2C_WaitOnSTOPFlagUntilTimeout  stm32l0xx_hal_i2c.o
    0x08004078   0x00000054   Code   RO         2424    i.I2C_WaitOnTXISFlagUntilTimeout  stm32l0xx_hal_i2c.o
    0x080040cc   0x00000040   Code   RO         3610    i.I2Cx_Init         hdc1000.o
    0x0800410c   0x00000224   Code   RO         4731    i.ILI9341_INITIAL   ili9341.o
    0x08004330   0x0000005c   Code   RO         4351    i.Int2Str           app.o
    0x0800438c   0x00000074   Code   RO         4487    i.KEY_DO            key.o
    0x08004400   0x00000066   Code   RO         4732    i.LCDOpenWindows    ili9341.o
    0x08004466   0x00000002   PAD
    0x08004468   0x00000398   Code   RO         4642    i.LCD_APP_INIT_P2P  lcd_app.o
    0x08004800   0x00000414   Code   RO         4643    i.LCD_APP_INIT_one  lcd_app.o
    0x08004c14   0x0000027c   Code   RO         4644    i.LCD_APP_INIT_tre  lcd_app.o
    0x08004e90   0x000002dc   Code   RO         4645    i.LCD_APP_INIT_two  lcd_app.o
    0x0800516c   0x000005e0   Code   RO         4646    i.LCD_APP_Mode      lcd_app.o
    0x0800574c   0x00000104   Code   RO         4647    i.LCD_Adjust        lcd_app.o
    0x08005850   0x00000040   Code   RO         4733    i.LCD_Clear         ili9341.o
    0x08005890   0x0000009e   Code   RO         4734    i.LCD_DrawLine      ili9341.o
    0x0800592e   0x00000002   PAD
    0x08005930   0x0000003c   Code   RO         4735    i.LCD_DrawPoint     ili9341.o
    0x0800596c   0x00000044   Code   RO         4736    i.LCD_DrawRectangle  ili9341.o
    0x080059b0   0x00000048   Code   RO         4737    i.LCD_Fill          ili9341.o
    0x080059f8   0x000007a8   Code   RO         4648    i.LCD_MODE1_do      lcd_app.o
    0x080061a0   0x00000150   Code   RO         4649    i.LCD_MODE2_do      lcd_app.o
    0x080062f0   0x000000bc   Code   RO         4650    i.LCD_MODE3_do      lcd_app.o
    0x080063ac   0x0000048c   Code   RO         4651    i.LCD_MODE4_do      lcd_app.o
    0x08006838   0x0000004c   Code   RO         4738    i.LCD_ShowChar      ili9341.o
    0x08006884   0x00000062   Code   RO         4739    i.LCD_ShowNum       ili9341.o
    0x080068e6   0x00000002   PAD
    0x080068e8   0x00000048   Code   RO         4740    i.LCD_ShowString    ili9341.o
    0x08006930   0x00000044   Code   RO         4741    i.LCD_WriteCommand  ili9341.o
    0x08006974   0x00000044   Code   RO         4742    i.LCD_WriteData     ili9341.o
    0x080069b8   0x00000012   Code   RO         4743    i.LCD_Write_Data    ili9341.o
    0x080069ca   0x00000002   PAD
    0x080069cc   0x000000c4   Code   RO         4745    i.LCD_ili9341_DrawPicture  ili9341.o
    0x08006a90   0x00000054   Code   RO         4589    i.LORA_NODE_Test    production_test.o
    0x08006ae4   0x0000003c   Code   RO         3477    i.LPUART1_GPIO_Init  gpio.o
    0x08006b20   0x00000010   Code   RO         3084    i.LPUART1_SendByte  usart.o
    0x08006b30   0x0000001c   Code   RO         3085    i.LPUART1_SendString  usart.o
    0x08006b4c   0x00000070   Code   RO         3086    i.LPUART1_UART_Init  usart.o
    0x08006bbc   0x00000014   Code   RO         4521    i.LPUART_CharReception_Callback  lowpower.o
    0x08006bd0   0x00000038   Code   RO         3087    i.LPUsart1Receive_IDLE  usart.o
    0x08006c08   0x00000018   Code   RO         3088    i.LPUsart1SendData  usart.o
    0x08006c20   0x0000004c   Code   RO         4522    i.LoRaNode_Go_To_Sleep  lowpower.o
    0x08006c6c   0x000000c8   Code   RO         3685    i.LoRaNode_LowPower_Send  lorawan.o
    0x08006d34   0x0000004c   Code   RO         4523    i.LoRaNode_Send_To_Sleep  lowpower.o
    0x08006d80   0x00000008   Code   RO         3687    i.LoraNode_Delay    lorawan.o
    0x08006d88   0x0000004c   Code   RO         3688    i.LoraNode_GPIO_Init  lorawan.o
    0x08006dd4   0x00000060   Code   RO         3689    i.LoraNode_GetADR   lorawan.o
    0x08006e34   0x00000088   Code   RO         3690    i.LoraNode_GetAppEUI  lorawan.o
    0x08006ebc   0x00000088   Code   RO         3691    i.LoraNode_GetAppKey  lorawan.o
    0x08006f44   0x00000088   Code   RO         3692    i.LoraNode_GetAppSKey  lorawan.o
    0x08006fcc   0x00000054   Code   RO         3693    i.LoraNode_GetBAND  lorawan.o
    0x08007020   0x00000068   Code   RO         3694    i.LoraNode_GetConfirm  lorawan.o
    0x08007088   0x00000088   Code   RO         3695    i.LoraNode_GetDevAddr  lorawan.o
    0x08007110   0x000000a4   Code   RO         3696    i.LoraNode_GetDevEUI  lorawan.o
    0x080071b4   0x0000005c   Code   RO         3697    i.LoraNode_GetNBT   lorawan.o
    0x08007210   0x00000060   Code   RO         3698    i.LoraNode_GetNetMode  lorawan.o
    0x08007270   0x00000088   Code   RO         3699    i.LoraNode_GetNwkSKey  lorawan.o
    0x080072f8   0x0000009c   Code   RO         3700    i.LoraNode_GetPOWER  lorawan.o
    0x08007394   0x0000005c   Code   RO         3701    i.LoraNode_GetSF    lorawan.o
    0x080073f0   0x00000088   Code   RO         3702    i.LoraNode_GetSNR   lorawan.o
    0x08007478   0x0000017c   Code   RO         3703    i.LoraNode_GetState  lorawan.o
    0x080075f4   0x0000006c   Code   RO         3704    i.LoraNode_GetVER   lorawan.o
    0x08007660   0x00000010   Code   RO         3706    i.LoraNode_IO_State  lorawan.o
    0x08007670   0x00000016   Code   RO         3707    i.LoraNode_Init_Mode  lorawan.o
    0x08007686   0x00000002   PAD
    0x08007688   0x00000020   Code   RO         3708    i.LoraNode_Mode_Set  lorawan.o
    0x080076a8   0x00000030   Code   RO         3710    i.LoraNode_Read     lorawan.o
    0x080076d8   0x00000024   Code   RO         3711    i.LoraNode_Reset    lorawan.o
    0x080076fc   0x00000090   Code   RO         3712    i.LoraNode_STA_Check  lorawan.o
    0x0800778c   0x0000004c   Code   RO         3713    i.LoraNode_Save     lorawan.o
    0x080077d8   0x00000064   Code   RO         3715    i.LoraNode_SetADR   lorawan.o
    0x0800783c   0x00000064   Code   RO         3719    i.LoraNode_SetBAND  lorawan.o
    0x080078a0   0x00000064   Code   RO         3720    i.LoraNode_SetCFM   lorawan.o
    0x08007904   0x00000064   Code   RO         3721    i.LoraNode_SetDebug  lorawan.o
    0x08007968   0x00000084   Code   RO         3722    i.LoraNode_SetGPIO  lorawan.o
    0x080079ec   0x00000064   Code   RO         3723    i.LoraNode_SetMINI_RF  lorawan.o
    0x08007a50   0x00000064   Code   RO         3724    i.LoraNode_SetNBT   lorawan.o
    0x08007ab4   0x00000064   Code   RO         3725    i.LoraNode_SetNetMode  lorawan.o
    0x08007b18   0x00000158   Code   RO         3727    i.LoraNode_SetP2P   lorawan.o
    0x08007c70   0x00000064   Code   RO         3728    i.LoraNode_SetPOWER  lorawan.o
    0x08007cd4   0x00000054   Code   RO         3729    i.LoraNode_SetRADIO  lorawan.o
    0x08007d28   0x00000064   Code   RO         3730    i.LoraNode_SetSF    lorawan.o
    0x08007d8c   0x00000040   Code   RO         3731    i.LoraNode_Wake_Sleep  lorawan.o
    0x08007dcc   0x000000bc   Code   RO         3732    i.LoraNode_Write_Receive_Bytes  lorawan.o
    0x08007e88   0x00000044   Code   RO         4524    i.LowPower_Init     lowpower.o
    0x08007ecc   0x000004c0   Code   RO         4352    i.LowPower_Send_Task  app.o
    0x0800838c   0x00000012   Code   RO         4104    i.MMA8451IntoSleep  mma8451.o
    0x0800839e   0x00000002   PAD
    0x080083a0   0x0000005c   Code   RO         4105    i.MMA8451_CalcAcceleration  mma8451.o
    0x080083fc   0x0000004c   Code   RO         4106    i.MMA8451_IO_Init   mma8451.o
    0x08008448   0x0000005e   Code   RO         4107    i.MMA8451_Init      mma8451.o
    0x080084a6   0x000000c8   Code   RO         4108    i.MMA8451_ReadAcceleration  mma8451.o
    0x0800856e   0x00000002   PAD
    0x08008570   0x00000054   Code   RO         4109    i.MMA8451_Read_Buffer  mma8451.o
    0x080085c4   0x000000b0   Code   RO         4590    i.MMA8451_Test      production_test.o
    0x08008674   0x00000068   Code   RO         4353    i.MMA8451_Upate     app.o
    0x080086dc   0x00000050   Code   RO         4110    i.MMA8451_Write_Buffer  mma8451.o
    0x0800872c   0x0000005a   Code   RO         4173    i.MPL3115IntoSleep  mpl3115.o
    0x08008786   0x00000002   PAD
    0x08008788   0x00000048   Code   RO         4174    i.MPL3115_IO_Init   mpl3115.o
    0x080087d0   0x00000012   Code   RO         4175    i.MPL3115_Init      mpl3115.o
    0x080087e2   0x00000058   Code   RO         4178    i.MPL3115_ReadPressure  mpl3115.o
    0x0800883a   0x00000014   Code   RO         4179    i.MPL3115_ReadStatus  mpl3115.o
    0x0800884e   0x00000002   PAD
    0x08008850   0x00000054   Code   RO         4181    i.MPL3115_Read_Buffer  mpl3115.o
    0x080088a4   0x00000066   Code   RO         4182    i.MPL3115_SetMode   mpl3115.o
    0x0800890a   0x00000002   PAD
    0x0800890c   0x00000078   Code   RO         4591    i.MPL3115_Test      production_test.o
    0x08008984   0x00000054   Code   RO         4354    i.MPL3115_Update    app.o
    0x080089d8   0x00000050   Code   RO         4183    i.MPL3115_Write_Buffer  mpl3115.o
    0x08008a28   0x00000038   Code   RO         3456    i.MX_DMA_Init       dma.o
    0x08008a60   0x0000015c   Code   RO         3478    i.MX_GPIO_Init      gpio.o
    0x08008bbc   0x00000008   Code   RO         3089    i.MX_LPUART1_UART_Init  usart.o
    0x08008bc4   0x00000074   Code   RO         3306    i.MX_RTC_Init       rtc.o
    0x08008c38   0x00000048   Code   RO         4938    i.MX_SPI1_Init      spi.o
    0x08008c80   0x00000038   Code   RO         3090    i.MX_USART1_UART_Init  usart.o
    0x08008cb8   0x00000038   Code   RO         3091    i.MX_USART2_UART_Init  usart.o
    0x08008cf0   0x0000002a   Code   RO         4031    i.NMEA_Comma_Pos    max7q.o
    0x08008d1a   0x00000002   PAD
    0x08008d1c   0x0000005c   Code   RO         4032    i.NMEA_GPGGA_Analysis  max7q.o
    0x08008d78   0x00000118   Code   RO         4033    i.NMEA_GPRMC_Analysis  max7q.o
    0x08008e90   0x00000014   Code   RO         4034    i.NMEA_Pow          max7q.o
    0x08008ea4   0x000000cc   Code   RO         4035    i.NMEA_Str2num      max7q.o
    0x08008f70   0x00000002   Code   RO         3347    i.NMI_Handler       stm32l0xx_it.o
    0x08008f72   0x00000002   PAD
    0x08008f74   0x00000044   Code   RO          914    i.NVIC_SetPriority  stm32l0xx_hal_cortex.o
    0x08008fb8   0x00000014   Code   RO         4262    i.OPT3001IntoSleep  opt3001.o
    0x08008fcc   0x0000003c   Code   RO         4264    i.OPT3001_Get_Lux   opt3001.o
    0x08009008   0x0000004c   Code   RO         4265    i.OPT3001_IO_Init   opt3001.o
    0x08009054   0x00000046   Code   RO         4266    i.OPT3001_Init      opt3001.o
    0x0800909a   0x00000002   PAD
    0x0800909c   0x00000078   Code   RO         4267    i.OPT3001_Read_Buffer  opt3001.o
    0x08009114   0x00000014   Code   RO         4270    i.OPT3001_Result    opt3001.o
    0x08009128   0x00000048   Code   RO         4355    i.OPT3001_Update    app.o
    0x08009170   0x00000034   Code   RO         4271    i.OPT3001_Write_Buffer  opt3001.o
    0x080091a4   0x000000b0   Code   RO         4592    i.OPT3003_Test      production_test.o
    0x08009254   0x00000002   Code   RO         3348    i.PendSV_Handler    stm32l0xx_it.o
    0x08009256   0x00000002   PAD
    0x08009258   0x00000024   Code   RO         3092    i.PrepareLPUARTToStopMode  usart.o
    0x0800927c   0x0000024c   Code   RO         3733    i.Printf_LoRaNode_Info  lorawan.o
    0x080094c8   0x00000074   Code   RO         3349    i.RNG_LPUART1_IRQHandler  stm32l0xx_it.o
    0x0800953c   0x00000010   Code   RO           29    i.RTC_Bcd2ToByte    stm32l0xx_hal_rtc.o
    0x0800954c   0x00000016   Code   RO           30    i.RTC_ByteToBcd2    stm32l0xx_hal_rtc.o
    0x08009562   0x00000038   Code   RO           31    i.RTC_EnterInitMode  stm32l0xx_hal_rtc.o
    0x0800959a   0x00000002   PAD
    0x0800959c   0x00000010   Code   RO         3350    i.RTC_IRQHandler    stm32l0xx_it.o
    0x080095ac   0x00000028   Code   RO         4866    i.Read_ADS          xpt2046.o
    0x080095d4   0x00000074   Code   RO         4867    i.Read_ADS2         xpt2046.o
    0x08009648   0x00000098   Code   RO         4525    i.RecoveryClock     lowpower.o
    0x080096e0   0x0000001c   Code   RO         4356    i.SENSOR_Testing    app.o
    0x080096fc   0x000000b2   Code   RO         2847    i.SPI_WaitOnFlagUntilTimeout  stm32l0xx_hal_spi.o
    0x080097ae   0x00000002   Code   RO         3351    i.SVC_Handler       stm32l0xx_it.o
    0x080097b0   0x00000024   Code   RO         4526    i.Set_RTC_WakeUp    lowpower.o
    0x080097d4   0x00000026   Code   RO         3734    i.StrToHex          lorawan.o
    0x080097fa   0x00000028   Code   RO         4357    i.StringCat         app.o
    0x08009822   0x0000001c   Code   RO         4358    i.StringCat2        app.o
    0x0800983e   0x00000036   Code   RO         3735    i.StringStr         lorawan.o
    0x08009874   0x0000000c   Code   RO         3352    i.SysTick_Handler   stm32l0xx_it.o
    0x08009880   0x0000009c   Code   RO         3511    i.SystemClock_Config  main.o
    0x0800991c   0x00000054   Code   RO         3045    i.SystemInit        system_stm32l0xx.o
    0x08009970   0x00000040   Code   RO         4527    i.SystemRecovery    lowpower.o
    0x080099b0   0x000005a8   Code   RO         4359    i.System_Task       app.o
    0x08009f58   0x00000010   Code   RO         3353    i.TIM6_DAC_IRQHandler  stm32l0xx_it.o
    0x08009f68   0x00000050   Code   RO         1835    i.TIM_Base_SetConfig  stm32l0xx_hal_tim.o
    0x08009fb8   0x0000002c   Code   RO         3512    i.TIM_init_lcd      main.o
    0x08009fe4   0x00000018   Code   RO         4593    i.Test_task         production_test.o
    0x08009ffc   0x0000003c   Code   RO         4360    i.Time_Out_Break    app.o
    0x0800a038   0x00000390   Code   RO         4868    i.Touch_Adjust      xpt2046.o
    0x0800a3c8   0x00000050   Code   RO         4652    i.Touch_Key         lcd_app.o
    0x0800a418   0x00000010   Code   RO         3093    i.UART1_SendByte    usart.o
    0x0800a428   0x00000010   Code   RO         3094    i.UART2_SendByte    usart.o
    0x0800a438   0x000000ca   Code   RO         1424    i.UART_AdvFeatureConfig  stm32l0xx_hal_uart.o
    0x0800a502   0x00000002   PAD
    0x0800a504   0x00000058   Code   RO         1425    i.UART_CheckIdleState  stm32l0xx_hal_uart.o
    0x0800a55c   0x00000024   Code   RO         1426    i.UART_DMAError     stm32l0xx_hal_uart.o
    0x0800a580   0x0000002a   Code   RO         1427    i.UART_DMAReceiveCplt  stm32l0xx_hal_uart.o
    0x0800a5aa   0x0000000a   Code   RO         1428    i.UART_DMARxHalfCplt  stm32l0xx_hal_uart.o
    0x0800a5b4   0x0000008a   Code   RO         1431    i.UART_Receive_IT   stm32l0xx_hal_uart.o
    0x0800a63e   0x00000002   PAD
    0x0800a640   0x000002a0   Code   RO         1432    i.UART_SetConfig    stm32l0xx_hal_uart.o
    0x0800a8e0   0x00000066   Code   RO         1433    i.UART_Transmit_IT  stm32l0xx_hal_uart.o
    0x0800a946   0x000000b2   Code   RO         1434    i.UART_WaitOnFlagUntilTimeout  stm32l0xx_hal_uart.o
    0x0800a9f8   0x00000014   Code   RO         3354    i.USART1_IRQHandler  stm32l0xx_it.o
    0x0800aa0c   0x00000014   Code   RO         3355    i.USART2_IRQHandler  stm32l0xx_it.o
    0x0800aa20   0x0000001c   Code   RO         3096    i.USART2_SendString  usart.o
    0x0800aa3c   0x00000040   Code   RO         3097    i.Usart1Receive_IDLE  usart.o
    0x0800aa7c   0x00000018   Code   RO         3098    i.Usart1SendData    usart.o
    0x0800aa94   0x00000040   Code   RO         3099    i.Usart2Receive_IDLE  usart.o
    0x0800aad4   0x00000018   Code   RO         3100    i.Usart2SendData    usart.o
    0x0800aaec   0x000011fc   Code   RO         4361    i.User_App          app.o
    0x0800bce8   0x0000008c   Code   RO         4870    i.XPT2046_read      xpt2046.o
    0x0800bd74   0x00000048   Code   RO         4871    i.XPT2046_write     xpt2046.o
    0x0800bdbc   0x0000002c   Code   RO         5003    i.__0vsnprintf      mc_p.l(printfa.o)
    0x0800bde8   0x0000002e   Code   RO         5100    i.__ARM_clz         mf_p.l(depilogue.o)
    0x0800be16   0x0000001a   Code   RO         1642    i.__ARM_common_switch8  stm32l0xx_hal_uart.o
    0x0800be30   0x0000000e   Code   RO         5116    i.__scatterload_copy  mc_p.l(handlers.o)
    0x0800be3e   0x00000002   Code   RO         5117    i.__scatterload_null  mc_p.l(handlers.o)
    0x0800be40   0x0000000e   Code   RO         5118    i.__scatterload_zeroinit  mc_p.l(handlers.o)
    0x0800be4e   0x00000002   PAD
    0x0800be50   0x0000000c   Code   RO         5090    i.__set_errno       mc_p.l(errno.o)
    0x0800be5c   0x00000174   Code   RO         5005    i._fp_digits        mc_p.l(printfa.o)
    0x0800bfd0   0x000006ec   Code   RO         5006    i._printf_core      mc_p.l(printfa.o)
    0x0800c6bc   0x00000020   Code   RO         5007    i._printf_post_padding  mc_p.l(printfa.o)
    0x0800c6dc   0x0000002c   Code   RO         5008    i._printf_pre_padding  mc_p.l(printfa.o)
    0x0800c708   0x00000016   Code   RO         5009    i._snputc           mc_p.l(printfa.o)
    0x0800c71e   0x00000018   Code   RO         4746    i.delay_10ms        ili9341.o
    0x0800c736   0x00000002   PAD
    0x0800c738   0x00000244   Code   RO         4362    i.get_debug_data    app.o
    0x0800c97c   0x000000b0   Code   RO         3513    i.main              main.o
    0x0800ca2c   0x00000014   Code   RO         4747    i.mypow             ili9341.o
    0x0800ca40   0x00000048   Code   RO         4973    i.sqrt              m_ps.l(sqrt.o)
    0x0800ca88   0x00000050   Code   RO         4748    i.test_tt           ili9341.o
    0x0800cad8   0x00000019   Data   RO         3046    .constdata          system_stm32l0xx.o
    0x0800caf1   0x00000008   Data   RO         3047    .constdata          system_stm32l0xx.o
    0x0800caf9   0x00000003   PAD
    0x0800cafc   0x000001ec   Data   RO         3739    .constdata          lorawan.o
    0x0800cce8   0x0000118a   Data   RO         4749    .constdata          ili9341.o
    0x0800de72   0x00000002   PAD
    0x0800de74   0x0000017c   Data   RO         4366    .conststring        app.o
    0x0800dff0   0x00000020   Data   RO         5114    Region$$Table       anon$$obj.o


    Execution Region RW_IRAM1 (Base: 0x20000000, Size: 0x00001a58, Max: 0x00002000, ABSOLUTE, COMPRESSED[0x000000d8])

    Base Addr    Size         Type   Attr      Idx    E Section Name        Object

    0x20000000   0x00000004   Data   RW          454    .data               stm32l0xx_hal.o
    0x20000004   0x00000004   Data   RW         3048    .data               system_stm32l0xx.o
    0x20000008   0x00000002   Data   RW         3357    .data               stm32l0xx_it.o
    0x2000000a   0x00000004   Data   RW         3515    .data               main.o
    0x2000000e   0x00000002   PAD
    0x20000010   0x00000004   Data   RW         3740    .data               lorawan.o
    0x20000014   0x00000004   Data   RW         3741    .data               lorawan.o
    0x20000018   0x00000103   Data   RW         3742    .data               lorawan.o
    0x2000011b   0x0000004c   Data   RW         4037    .data               max7q.o
    0x20000167   0x0000000c   Data   RW         4039    .data               max7q.o
    0x20000173   0x00000001   PAD
    0x20000174   0x00000074   Data   RW         4367    .data               app.o
    0x200001e8   0x00000001   Data   RW         4368    .data               app.o
    0x200001e9   0x00000003   PAD
    0x200001ec   0x00000004   Data   RW         4369    .data               app.o
    0x200001f0   0x0000000c   Data   RW         4488    .data               key.o
    0x200001fc   0x00000001   Data   RW         4594    .data               production_test.o
    0x200001fd   0x00000003   PAD
    0x20000200   0x00000010   Data   RW         4654    .data               lcd_app.o
    0x20000210   0x0000000c   Data   RW         4750    .data               ili9341.o
    0x2000021c   0x00000004   Data   RW         5091    .data               mc_p.l(errno.o)
    0x20000220   0x00000018   Zero   RW          812    .bss                stm32l0xx_hal_flash.o
    0x20000238   0x00000dd4   Zero   RW         3101    .bss                usart.o
    0x2000100c   0x00000024   Zero   RW         3307    .bss                rtc.o
    0x20001030   0x00000200   Zero   RW         3356    .bss                stm32l0xx_it.o
    0x20001230   0x00000038   Zero   RW         3514    .bss                main.o
    0x20001268   0x0000003c   Zero   RW         3611    .bss                hdc1000.o
    0x200012a4   0x00000111   Zero   RW         3736    .bss                lorawan.o
    0x200013b5   0x00000001   PAD
    0x200013b6   0x00000064   Zero   RW         3737    .bss                lorawan.o
    0x2000141a   0x00000002   PAD
    0x2000141c   0x0000000c   Zero   RW         3738    .bss                lorawan.o
    0x20001428   0x0000003c   Zero   RW         4111    .bss                mma8451.o
    0x20001464   0x0000003c   Zero   RW         4184    .bss                mpl3115.o
    0x200014a0   0x0000003c   Zero   RW         4272    .bss                opt3001.o
    0x200014dc   0x000000a4   Zero   RW         4363    .bss                app.o
    0x20001580   0x00000064   Zero   RW         4364    .bss                app.o
    0x200015e4   0x00000018   Zero   RW         4872    .bss                xpt2046.o
    0x200015fc   0x00000058   Zero   RW         4939    .bss                spi.o
    0x20001654   0x00000004   PAD
    0x20001658   0x00000400   Zero   RW            1    STACK               startup_stm32l053xx.o


==============================================================================

Image component sizes


      Code (inc. data)   RO Data    RW Data    ZI Data      Debug   Object Name

     10652       3992        380        121        264      27923   app.o
        56          4          0          0          0        702   dma.o
       484         42          0          0          0       2072   gpio.o
       460         48          0          0         60       4992   hdc1000.o
        68         14          0          0          0        806   i2c.o
      2030         56       4490         12          0      13697   ili9341.o
       512         62          0         12          0       2628   key.o
      8824        960          0         16          0       9150   lcd_app.o
      5334       1034        492        267        385      35160   lorawan.o
       796        168          0          0          0       5041   lowpower.o
       494         44          0          4         56       8006   main.o
       658         24          0         88          0       5971   max7q.o
       644         62          0          0         60       5813   mma8451.o
       554         42          0          0         60       6063   mpl3115.o
       418         46          0          0         60       4672   opt3001.o
       768        330          0          1          0       3325   production_test.o
       148         18          0          0         36       1439   rtc.o
       136         20          0          0         88       1465   spi.o
        28          8        192          0       1024        612   startup_stm32l053xx.o
       122         24          0          4          0       3563   stm32l0xx_hal.o
       198         34          0          0          0      12789   stm32l0xx_hal_cortex.o
      1088         16          0          0          0       4435   stm32l0xx_hal_dma.o
       248         18          0          0         24       4205   stm32l0xx_hal_flash.o
       140         26          0          0          0       2031   stm32l0xx_hal_flash_ex.o
       422         36          0          0          0       3522   stm32l0xx_hal_gpio.o
      1606         38          0          0          0      12235   stm32l0xx_hal_i2c.o
        96          0          0          0          0       1131   stm32l0xx_hal_i2c_ex.o
        56          4          0          0          0        450   stm32l0xx_hal_msp.o
        52          8          0          0          0        620   stm32l0xx_hal_pwr.o
        32          8          0          0          0       1017   stm32l0xx_hal_pwr_ex.o
      1654        106          0          0          0       6172   stm32l0xx_hal_rcc.o
       384         14          0          0          0       1484   stm32l0xx_hal_rcc_ex.o
       754         14          0          0          0     394420   stm32l0xx_hal_rtc.o
       304         18          0          0          0       2128   stm32l0xx_hal_rtc_ex.o
       646          0          0          0          0       3350   stm32l0xx_hal_spi.o
       492         16          0          0          0       6437   stm32l0xx_hal_tim.o
      2022         90          0          0          0      12268   stm32l0xx_hal_uart.o
         2          0          0          0          0       1000   stm32l0xx_hal_uart_ex.o
       274         50          0          2        512       9217   stm32l0xx_it.o
        84         18         33          4          0       1415   system_stm32l0xx.o
      1072        142          0          0       3540      12145   usart.o
      1518        150          0          0         24       7339   xpt2046.o

    ----------------------------------------------------------------------
     46390       7804       5624        540       6200     642910   Object Totals
         0          0         32          0          0          0   (incl. Generated)
        60          0          5          9          7          0   (incl. Padding)

    ----------------------------------------------------------------------

      Code (inc. data)   RO Data    RW Data    ZI Data      Debug   Library Member Name

        72          6          0          0          0         76   sqrt.o
        86          0          0          0          0          0   __dczerorl2.o
         0          0          0          0          0          0   entry.o
         0          0          0          0          0          0   entry10a.o
         0          0          0          0          0          0   entry11a.o
         8          4          0          0          0          0   entry2.o
         4          0          0          0          0          0   entry5.o
         0          0          0          0          0          0   entry7b.o
         0          0          0          0          0          0   entry8b.o
         8          4          0          0          0          0   entry9a.o
        12          6          0          4          0         60   errno.o
        30          0          0          0          0          0   handlers.o
        40          0          0          0          0         72   idiv.o
        36          8          0          0          0         68   init.o
         0          0          0          0          0          0   iusefp.o
        32          0          0          0          0         68   llshl.o
        38          0          0          0          0         68   llsshr.o
        34          0          0          0          0         68   llushr.o
        36          0          0          0          0         60   memcpya.o
        36          0          0          0          0        100   memseta.o
      2286         94          0          0          0        460   printfa.o
        24          0          0          0          0         60   strcat.o
        40          0          0          0          0         72   strstr.o
        44          0          0          0          0         72   uidiv.o
        96          0          0          0          0         84   uldiv.o
        40          2          0          0          0         68   cdrcmple.o
        56          0          0          0          0         68   d2f.o
       356          4          0          0          0        140   dadd.o
       240          6          0          0          0         84   ddiv.o
       236          0          0          0          0        216   depilogue.o
        72         10          0          0          0         72   dfixi.o
        60         10          0          0          0         68   dfixui.o
        64         10          0          0          0         68   dfixul.o
        40          6          0          0          0         68   dflti.o
        28          4          0          0          0         68   dfltui.o
        28          6          0          0          0         68   dfltul.o
       208          6          0          0          0         88   dmul.o
        44          0          0          0          0         72   dscalb.o
       162          0          0          0          0         80   dsqrt.o
        40          0          0          0          0         60   f2d.o
       178          0          0          0          0        108   fadd.o
       124          0          0          0          0         72   fdiv.o
       130          0          0          0          0        144   fepilogue.o
        50          0          0          0          0         60   ffixi.o
        40          0          0          0          0         60   ffixui.o
        22          0          0          0          0         68   fflti.o
        14          0          0          0          0         68   ffltui.o
       122          0          0          0          0         72   fmul.o
        24          0          0          0          0         60   fscalb.o

    ----------------------------------------------------------------------
      5346        186          0          4          0       3388   Library Totals
         6          0          0          0          0          0   (incl. Padding)

    ----------------------------------------------------------------------

      Code (inc. data)   RO Data    RW Data    ZI Data      Debug   Library Name

        72          6          0          0          0         76   m_ps.l
      2890        116          0          4          0       1312   mc_p.l
      2378         64          0          0          0       2000   mf_p.l

    ----------------------------------------------------------------------
      5346        186          0          4          0       3388   Library Totals

    ----------------------------------------------------------------------

==============================================================================


      Code (inc. data)   RO Data    RW Data    ZI Data      Debug   

     51736       7990       5624        544       6200     631818   Grand Totals
     51736       7990       5624        216       6200     631818   ELF Image Totals (compressed)
     51736       7990       5624        216          0          0   ROM Totals

==============================================================================

    Total RO  Size (Code + RO Data)                57360 (  56.02kB)
    Total RW  Size (RW Data + ZI Data)              6744 (   6.59kB)
    Total ROM Size (Code + RO Data + RW Data)      57576 (  56.23kB)

==============================================================================

